sources/driver/Adafruit_ssd1306syp/Adafruit_ssd1306syp.cpp:190:6:virtual void Adafruit_ssd1306syp::drawPixel(int16_t, int16_t, uint16_t)	12	static
sources/driver/Adafruit_ssd1306syp/Adafruit_ssd1306syp.cpp:308:6:virtual void Adafruit_ssd1306syp::updateRow(int, int)	16	static
sources/driver/Adafruit_ssd1306syp/Adafruit_ssd1306syp.cpp:17:1:Adafruit_ssd1306syp::Adafruit_ssd1306syp()	8	static
sources/driver/Adafruit_ssd1306syp/Adafruit_ssd1306syp.cpp:22:1:Adafruit_ssd1306syp::~Adafruit_ssd1306syp()	0	static
sources/driver/Adafruit_ssd1306syp/Adafruit_ssd1306syp.cpp:107:6:void Adafruit_ssd1306syp::clear(bool)	16	static
sources/driver/Adafruit_ssd1306syp/Adafruit_ssd1306syp.cpp:139:6:void Adafruit_ssd1306syp::writeByte(unsigned char)	24	static
sources/driver/Adafruit_ssd1306syp/Adafruit_ssd1306syp.cpp:175:6:void Adafruit_ssd1306syp::startIIC()	16	static
sources/driver/Adafruit_ssd1306syp/Adafruit_ssd1306syp.cpp:182:6:void Adafruit_ssd1306syp::stopIIC()	16	static
sources/driver/Adafruit_ssd1306syp/Adafruit_ssd1306syp.cpp:131:6:void Adafruit_ssd1306syp::writeCommand(unsigned char)	16	static
sources/driver/Adafruit_ssd1306syp/Adafruit_ssd1306syp.cpp:27:6:virtual bool Adafruit_ssd1306syp::initialize()	16	static
sources/driver/Adafruit_ssd1306syp/Adafruit_ssd1306syp.cpp:113:6:void Adafruit_ssd1306syp::display_on()	0	static
sources/driver/Adafruit_ssd1306syp/Adafruit_ssd1306syp.cpp:122:6:void Adafruit_ssd1306syp::display_off()	0	static
sources/driver/Adafruit_ssd1306syp/Adafruit_ssd1306syp.cpp:218:6:void Adafruit_ssd1306syp::startDataSequence()	8	static
sources/driver/Adafruit_ssd1306syp/Adafruit_ssd1306syp.cpp:225:6:virtual void Adafruit_ssd1306syp::update()	24	static
sources/driver/Adafruit_ssd1306syp/Adafruit_ssd1306syp.cpp:281:6:virtual void Adafruit_ssd1306syp::updateRow(int)	16	static
