sources/driver/Adafruit_ssd1306syp/Adafruit_GFX.cpp:226:6:virtual void Adafruit_GFX::drawLine(int16_t, int16_t, int16_t, int16_t, uint16_t)	56	static
sources/driver/Adafruit_ssd1306syp/Adafruit_GFX.cpp:268:6:virtual void Adafruit_GFX::drawRect(int16_t, int16_t, int16_t, int16_t, uint16_t)	40	static
sources/driver/Adafruit_ssd1306syp/Adafruit_GFX.cpp:277:6:virtual void Adafruit_GFX::drawFastVLine(int16_t, int16_t, int16_t, uint16_t)	24	static
sources/driver/Adafruit_ssd1306syp/Adafruit_GFX.cpp:283:6:virtual void Adafruit_GFX::drawFastHLine(int16_t, int16_t, int16_t, uint16_t)	24	static
sources/driver/Adafruit_ssd1306syp/Adafruit_GFX.cpp:289:6:virtual void Adafruit_GFX::fillRect(int16_t, int16_t, int16_t, int16_t, uint16_t)	40	static
sources/driver/Adafruit_ssd1306syp/Adafruit_GFX.cpp:297:6:virtual void Adafruit_GFX::fillScreen(uint16_t)	16	static
sources/driver/Adafruit_ssd1306syp/Adafruit_GFX.cpp:59:6:void Adafruit_GFX::drawMoon(int16_t, int16_t, int16_t, uint16_t)	96	static
sources/driver/Adafruit_ssd1306syp/Adafruit_GFX.cpp:105:1:Adafruit_GFX::Adafruit_GFX(int16_t, int16_t)	8	static
sources/driver/Adafruit_ssd1306syp/Adafruit_GFX.cpp:118:6:void Adafruit_GFX::drawCircle(int16_t, int16_t, int16_t, uint16_t)	64	static
sources/driver/Adafruit_ssd1306syp/Adafruit_GFX.cpp:152:6:void Adafruit_GFX::drawCircleHelper(int16_t, int16_t, int16_t, uint8_t, uint16_t)	64	static
sources/driver/Adafruit_ssd1306syp/Adafruit_GFX.cpp:195:6:void Adafruit_GFX::fillCircleHelper(int16_t, int16_t, int16_t, uint8_t, int16_t, uint16_t)	80	static
sources/driver/Adafruit_ssd1306syp/Adafruit_GFX.cpp:188:6:void Adafruit_GFX::fillCircle(int16_t, int16_t, int16_t, uint16_t)	48	static
sources/driver/Adafruit_ssd1306syp/Adafruit_GFX.cpp:87:6:void Adafruit_GFX::drawSun(int16_t, int16_t, int16_t, uint16_t)	56	static
sources/driver/Adafruit_ssd1306syp/Adafruit_GFX.cpp:302:6:void Adafruit_GFX::drawRoundRect(int16_t, int16_t, int16_t, int16_t, int16_t, uint16_t)	72	static
sources/driver/Adafruit_ssd1306syp/Adafruit_GFX.cpp:317:6:void Adafruit_GFX::fillRoundRect(int16_t, int16_t, int16_t, int16_t, int16_t, uint16_t)	64	static
sources/driver/Adafruit_ssd1306syp/Adafruit_GFX.cpp:328:6:void Adafruit_GFX::drawTriangle(int16_t, int16_t, int16_t, int16_t, int16_t, int16_t, uint16_t)	56	static
sources/driver/Adafruit_ssd1306syp/Adafruit_GFX.cpp:337:6:void Adafruit_GFX::fillTriangle(int16_t, int16_t, int16_t, int16_t, int16_t, int16_t, uint16_t)	88	static
sources/driver/Adafruit_ssd1306syp/Adafruit_GFX.cpp:414:6:void Adafruit_GFX::drawBitmap(int16_t, int16_t, const uint8_t*, int16_t, int16_t, uint16_t)	64	static
sources/driver/Adafruit_ssd1306syp/Adafruit_GFX.cpp:474:6:void Adafruit_GFX::drawChar(int16_t, int16_t, unsigned char, uint16_t, uint16_t, uint8_t)	88	static
sources/driver/Adafruit_ssd1306syp/Adafruit_GFX.cpp:430:6:bool Adafruit_GFX::write(uint8_t)	32	static
sources/driver/Adafruit_ssd1306syp/Adafruit_GFX.cpp:447:6:)	68	static
sources/driver/Adafruit_ssd1306syp/Adafruit_GFX.cpp:462:6:void Adafruit_GFX::print(char*)	72	static
sources/driver/Adafruit_ssd1306syp/Adafruit_GFX.cpp:508:6:void Adafruit_GFX::setCursor(int16_t, int16_t)	0	static
sources/driver/Adafruit_ssd1306syp/Adafruit_GFX.cpp:513:6:void Adafruit_GFX::setTextSize(uint8_t)	0	static
sources/driver/Adafruit_ssd1306syp/Adafruit_GFX.cpp:517:6:void Adafruit_GFX::setTextColor(uint16_t)	0	static
sources/driver/Adafruit_ssd1306syp/Adafruit_GFX.cpp:523:6:void Adafruit_GFX::setTextColor(uint16_t, uint16_t)	0	static
sources/driver/Adafruit_ssd1306syp/Adafruit_GFX.cpp:528:6:void Adafruit_GFX::setTextWrap(bool)	0	static
sources/driver/Adafruit_ssd1306syp/Adafruit_GFX.cpp:532:9:uint8_t Adafruit_GFX::getRotation()	0	static
sources/driver/Adafruit_ssd1306syp/Adafruit_GFX.cpp:536:6:void Adafruit_GFX::setRotation(uint8_t)	0	static
sources/driver/Adafruit_ssd1306syp/Adafruit_GFX.cpp:553:9:int16_t Adafruit_GFX::width()	0	static
sources/driver/Adafruit_ssd1306syp/Adafruit_GFX.cpp:557:9:int16_t Adafruit_GFX::height()	0	static
