sources/GUI/gui_port.cpp:7:10:uint32_t get_tick()	0	static
sources/GUI/gui_port.cpp:16:6:void display_clear()	0	static
sources/GUI/gui_port.cpp:28:6:void display_draw_bitmap(int16_t, int16_t, const uint8_t*, int16_t, int16_t, uint16_t)	24	static
sources/GUI/gui_port.cpp:33:6:void display_set_cursor(int16_t, int16_t)	0	static
sources/GUI/gui_port.cpp:37:6:void display_set_text_color(uint16_t)	0	static
sources/GUI/gui_port.cpp:41:6:void display_print(char*)	0	static
sources/GUI/gui_port.cpp:45:6:void display_draw_round_rect(int16_t, int16_t, int16_t, int16_t, int16_t, uint16_t)	24	static
sources/GUI/gui_port.cpp:51:6:void display_fill_round_rect(int16_t, int16_t, int16_t, int16_t, int16_t, uint16_t)	24	static
sources/GUI/gui_port.cpp:68:6:void display_draw_circle(int16_t, int16_t, int16_t, uint16_t)	16	static
sources/GUI/gui_port.cpp:72:6:void display_fill_circle(int16_t, int16_t, int16_t, uint16_t)	0	static
sources/GUI/gui_port.cpp:76:6:void display_draw_circle_helper(int16_t, int16_t, int16_t, uint8_t, uint16_t)	0	static
sources/GUI/gui_port.cpp:79:6:void display_fill_circle_helper(int16_t, int16_t, int16_t, uint8_t, int16_t, uint16_t)	0	static
sources/GUI/gui_port.cpp:82:6:void display_draw_triangle(int16_t, int16_t, int16_t, int16_t, int16_t, int16_t, uint16_t)	0	static
sources/GUI/gui_port.cpp:85:6:void display_fill_triangle(int16_t, int16_t, int16_t, int16_t, int16_t, int16_t, uint16_t)	0	static
sources/GUI/gui_port.cpp:87:1:cpp)	0	static
sources/GUI/gui_port.cpp:87:1:cpp)	0	static
sources/GUI/gui_port.cpp:12:6:void display_init()	0	static
sources/GUI/gui_port.cpp:20:6:void display_update()	0	static
sources/GUI/gui_port.cpp:24:6:void display_draw_pixel(int16_t, int16_t, uint16_t)	0	static
sources/GUI/gui_port.cpp:56:6:void display_draw_line(int16_t, int16_t, int16_t, int16_t, uint16_t)	16	static
sources/GUI/gui_port.cpp:60:6:void display_draw_rect(int16_t, int16_t, int16_t, int16_t, uint16_t)	16	static
sources/GUI/gui_port.cpp:64:6:void display_fill_rect(int16_t, int16_t, int16_t, int16_t, uint16_t)	16	static
