sources/platform/io_cfg.c:20:6:timer_delay_init	24	static
sources/platform/io_cfg.c:35:6:delay	8	static
sources/platform/io_cfg.c:48:6:pinout_header_init	56	static
sources/platform/io_cfg.c:122:6:io_button_mode_init	16	static
sources/platform/io_cfg.c:135:6:io_button_up_init	16	static
sources/platform/io_cfg.c:148:6:io_button_down_init	16	static
sources/platform/io_cfg.c:161:9:io_button_mode_read	0	static
sources/platform/io_cfg.c:165:9:io_button_up_read	0	static
sources/platform/io_cfg.c:169:9:io_button_down_read	0	static
sources/platform/io_cfg.c:176:6:led_life_init	16	static
sources/platform/io_cfg.c:189:6:led_life_on	0	static
sources/platform/io_cfg.c:193:6:led_life_off	0	static
sources/platform/io_cfg.c:197:6:led_life_toggle	0	static
sources/platform/io_cfg.c:208:6:io_cfg_adc1	32	static
sources/platform/io_cfg.c:224:6:adc_bat_io_cfg	16	static
sources/platform/io_cfg.c:234:10:adc_bat_io_read	8	static
sources/platform/io_cfg.c:246:6:ssd1306_clk_input_mode	16	static
sources/platform/io_cfg.c:258:6:ssd1306_clk_output_mode	16	static
sources/platform/io_cfg.c:271:6:ssd1306_clk_digital_write_low	0	static
sources/platform/io_cfg.c:275:6:ssd1306_clk_digital_write_high	0	static
sources/platform/io_cfg.c:279:5:ssd1306_clk_digital_read	8	static
sources/platform/io_cfg.c:283:6:ssd1306_data_input_mode	16	static
sources/platform/io_cfg.c:295:6:ssd1306_data_output_mode	16	static
sources/platform/io_cfg.c:306:6:ssd1306_data_digital_write_low	0	static
sources/platform/io_cfg.c:310:6:ssd1306_data_digital_write_high	0	static
sources/platform/io_cfg.c:314:5:ssd1306_data_digital_read	8	static
sources/platform/io_cfg.c:322:9:io_eeprom_read	16	static
sources/platform/io_cfg.c:338:9:io_eeprom_write	24	static
sources/platform/io_cfg.c:368:9:io_eeprom_erase	16	static
sources/platform/io_cfg.c:404:6:nrf24l01_io_ctrl_init	40	static
sources/platform/io_cfg.c:455:6:nrf24l01_ce_low	0	static
sources/platform/io_cfg.c:459:6:nrf24l01_ce_high	0	static
sources/platform/io_cfg.c:463:6:nrf24l01_csn_low	0	static
sources/platform/io_cfg.c:467:6:nrf24l01_csn_high	0	static
sources/platform/io_cfg.c:470:6:nrf24l01_spi_init	40	static
