sources/driver/nRF24/nrf24l01.c:66:6:nrf24_send_payload	16	static
sources/driver/nRF24/nrf24l01.c:145:9:nrf24_flush	8	static
sources/driver/nRF24/nrf24l01.c:508:6:nrf24_read	24	static
sources/driver/nRF24/nrf24l01.c:48:9:nrf24_transmit	24	static
sources/driver/nRF24/nrf24l01.c:525:6:nrf24_write	24	static
sources/driver/nRF24/nrf24l01.c:30:6:nrf24_dynamic_ack.part.0	8	static
sources/driver/nRF24/nrf24l01.c:30:6:nrf24_dynamic_ack	8	static
sources/driver/nRF24/nrf24l01.c:85:9:nrf24_transmit_status	8	static
sources/driver/nRF24/nrf24l01.c:104:9:nrf24_receive	24	static
sources/driver/nRF24/nrf24l01.c:265:6:nrf24_automatic_retransmit_setup	8	static
sources/driver/nRF24/nrf24l01.c:279:6:nrf24_auto_acknowledgment_setup	0	static
sources/driver/nRF24/nrf24l01.c:287:6:nrf24_dynamic_payload	24	static
sources/driver/nRF24/nrf24l01.c:309:6:nrf24_datapipe_ptx	0	static
sources/driver/nRF24/nrf24l01.c:315:6:nrf24_datapipe_address_configuration	16	static
sources/driver/nRF24/nrf24l01.c:326:6:nrf24_prx_static_payload_width	24	static
sources/driver/nRF24/nrf24l01.c:337:6:nrf24_datapipe_enable	0	static
sources/driver/nRF24/nrf24l01.c:344:6:nrf24_address_width	8	static
sources/driver/nRF24/nrf24l01.c:359:6:nrf24_rf_datarate	16	static
sources/driver/nRF24/nrf24l01.c:382:6:nrf24_rf_power	16	static
sources/driver/nRF24/nrf24l01.c:408:6:nrf24_rf_channel	16	static
sources/driver/nRF24/nrf24l01.c:424:6:nrf24_interrupt_mask	24	static
sources/driver/nRF24/nrf24l01.c:442:6:nrf24_clear_interrupt_mask	8	static
sources/driver/nRF24/nrf24l01.c:450:6:nrf24_crc_configuration	16	static
sources/driver/nRF24/nrf24l01.c:466:6:nrf24_mode	16	static
sources/driver/nRF24/nrf24l01.c:177:6:nrf24_reset	40	static
sources/driver/nRF24/nrf24l01.c:224:6:nrf24_device	16	static
