./sources/GUI/Inc/oled_obj.h:95:15:virtual void oled_obj::setFade(int8_t)	0	static
./sources/GUI/Inc/oled_obj.h:105:15:virtual void oled_obj::setX(int16_t)	0	static
./sources/GUI/Inc/oled_obj.h:106:15:virtual void oled_obj::setY(int16_t)	0	static
sources/GUI/Src/obj_canvas.cpp:4:14:float smallest(int, int, int)	8	static
sources/GUI/Src/obj_canvas.cpp:8:14:float largest(int, int, int)	8	static
sources/GUI/Src/obj_canvas.cpp:13:13:void canvas_init(obj_canvas*)	8	static
sources/GUI/Src/obj_canvas.cpp:169:6:virtual void obj_canvas::draw()	24	static
sources/GUI/Src/obj_canvas.cpp:37:6:virtual void obj_canvas::deinit()	8	static
sources/GUI/Src/obj_canvas.cpp:26:1:obj_canvas::~obj_canvas()	8	static
sources/GUI/Src/obj_canvas.cpp:26:1:virtual obj_canvas::~obj_canvas()	8	static
sources/GUI/Src/obj_canvas.cpp:21:1:obj_canvas::obj_canvas()	8	static
sources/GUI/Src/obj_canvas.cpp:31:6:void obj_canvas::init()	0	static
sources/GUI/Src/obj_canvas.cpp:45:6:void obj_canvas::canvas_drawLine(int16_t, int16_t, int16_t, int16_t)	24	static
sources/GUI/Src/obj_canvas.cpp:55:6:void obj_canvas::canvas_drawRect(int16_t, int16_t, int16_t, int16_t)	16	static
sources/GUI/Src/obj_canvas.cpp:63:6:void obj_canvas::canvas_fillRect(int16_t, int16_t, int16_t, int16_t)	16	static
sources/GUI/Src/obj_canvas.cpp:72:6:void obj_canvas::canvas_drawCircle(int16_t, int16_t, int16_t)	32	static
sources/GUI/Src/obj_canvas.cpp:83:6:void obj_canvas::canvas_drawCircleHelper(int16_t, int16_t, int16_t, uint8_t)	24	static
sources/GUI/Src/obj_canvas.cpp:94:6:void obj_canvas::canvas_fillCircle(int16_t, int16_t, int16_t)	32	static
sources/GUI/Src/obj_canvas.cpp:105:6:void obj_canvas::canvas_fillCircleHelper(int16_t, int16_t, int16_t, uint8_t, int16_t)	16	static
sources/GUI/Src/obj_canvas.cpp:115:6:void obj_canvas::canvas_drawTriangle(int16_t, int16_t, int16_t, int16_t, int16_t, int16_t)	56	static
sources/GUI/Src/obj_canvas.cpp:133:6:void obj_canvas::canvas_fillTriangle(int16_t, int16_t, int16_t, int16_t, int16_t, int16_t)	56	static
sources/GUI/Src/obj_canvas.cpp:151:6:void obj_canvas::canvas_drawRoundRect(int16_t, int16_t, int16_t, int16_t, int16_t)	16	static
sources/GUI/Src/obj_canvas.cpp:160:6:void obj_canvas::canvas_fillRoundRect(int16_t, int16_t, int16_t, int16_t, int16_t)	16	static
