./sources/GUI/Inc/oled_obj.h:95:15:virtual void oled_obj::setFade(int8_t)	0	static
./sources/GUI/Inc/oled_obj.h:105:15:virtual void oled_obj::setX(int16_t)	0	static
./sources/GUI/Inc/oled_obj.h:106:15:virtual void oled_obj::setY(int16_t)	0	static
sources/GUI/Src/obj_bmp.cpp:53:6:virtual void obj_bmp::draw()	16	static
sources/GUI/Src/obj_bmp.cpp:39:6:virtual void obj_bmp::deinit()	8	static
sources/GUI/Src/obj_bmp.cpp:25:1:obj_bmp::~obj_bmp()	8	static
sources/GUI/Src/obj_bmp.cpp:25:1:virtual obj_bmp::~obj_bmp()	8	static
sources/GUI/Src/obj_bmp.cpp:14:1:obj_bmp::obj_bmp()	8	static
sources/GUI/Src/obj_bmp.cpp:19:1:obj_bmp::obj_bmp(int16_t, int16_t, int16_t, int16_t)	24	static
sources/GUI/Src/obj_bmp.cpp:30:6:void obj_bmp::init(int16_t, int16_t, int16_t, int16_t)	24	static
sources/GUI/Src/obj_bmp.cpp:48:6:void obj_bmp::setBmp(const uint8_t*)	0	static
