./sources/GUI/Inc/oled_obj.h:95:15:virtual void oled_obj::setFade(int8_t)	0	static
./sources/GUI/Inc/oled_obj.h:105:15:virtual void oled_obj::setX(int16_t)	0	static
./sources/GUI/Inc/oled_obj.h:106:15:virtual void oled_obj::setY(int16_t)	0	static
sources/GUI/Src/obj_switch.cpp:83:6:virtual void obj_switch::draw()	24	static
sources/GUI/Src/obj_switch.cpp:75:6:virtual void obj_switch::deinit()	8	static
sources/GUI/Src/obj_switch.cpp:64:1:obj_switch::~obj_switch()	8	static
sources/GUI/Src/obj_switch.cpp:64:1:virtual obj_switch::~obj_switch()	8	static
sources/GUI/Src/obj_switch.cpp:29:13:void sw_init(obj_switch*, uint8_t, uint8_t, int16_t, int16_t)	16	static
sources/GUI/Src/obj_switch.cpp:53:1:obj_switch::obj_switch()	8	static
sources/GUI/Src/obj_switch.cpp:58:1:obj_switch::obj_switch(uint8_t, uint8_t, int16_t, int16_t)	32	static
sources/GUI/Src/obj_switch.cpp:69:6:void obj_switch::init(uint8_t, uint8_t, int16_t, int16_t)	8	static
sources/GUI/Src/obj_switch.cpp:89:6:void obj_switch::toggle()	0	static
