sources/GUI/Src/obj_group.cpp:35:6:virtual void obj_group::setX(int16_t)	16	static
sources/GUI/Src/obj_group.cpp:45:6:virtual void obj_group::setY(int16_t)	16	static
sources/GUI/Src/obj_group.cpp:66:6:virtual void obj_group::setFade(int8_t)	16	static
sources/GUI/Src/obj_group.cpp:5:1:obj_group::obj_group()	16	static
sources/GUI/Src/obj_group.cpp:18:6:void obj_group::init()	8	static
sources/GUI/Src/obj_group.cpp:55:6:void obj_group::setPosOffset(int16_t, int16_t)	24	static
sources/GUI/Src/obj_group.cpp:76:6:void obj_group::move(int16_t, int16_t, uint16_t, t_anim_end_cb)	0	static
sources/GUI/Src/obj_group.cpp:80:6:void obj_group::fading(fade_type, uint16_t, t_anim_end_cb)	0	static
sources/GUI/Src/obj_group.cpp:85:6:void obj_group::addObj(oled_obj*, bool)	24	static
sources/GUI/Src/obj_group.cpp:118:6:void obj_group::focusObj(uint8_t)	40	static
sources/GUI/Src/obj_group.cpp:183:11:oled_obj* obj_group::getFocusObj()	0	static
sources/GUI/Src/obj_group.cpp:188:8:int8_t obj_group::getFocusIndex()	0	static
sources/GUI/Src/obj_group.cpp:193:6:void obj_group::setIsFillIndicator(bool)	0	static
sources/GUI/Src/obj_group.cpp:26:6:virtual void obj_group::deinit()	8	static
sources/GUI/Src/obj_group.cpp:13:1:obj_group::~obj_group()	16	static
sources/GUI/Src/obj_group.cpp:13:1:virtual obj_group::~obj_group()	8	static
