sources/GUI/Src/oled_anim.cpp:91:1:oled_anim::~oled_anim()	0	static
sources/GUI/Src/oled_anim.cpp:96:1:oled_anim::oled_anim()	0	static
sources/GUI/Src/oled_anim.cpp:153:6:static void oled_anim::oled_anim_init()	0	static
sources/GUI/Src/oled_anim.cpp:159:6:static void oled_anim::oled_anim_add(oled_anim*)	8	static
sources/GUI/Src/oled_anim.cpp:132:6:void oled_anim::init(oled_obj*, int16_t, int16_t, uint16_t)	12	static
sources/GUI/Src/oled_anim.cpp:117:1:oled_anim::oled_anim(oled_obj*, int16_t, int16_t, int16_t, int16_t, uint16_t)	16	static
sources/GUI/Src/oled_anim.cpp:142:6:void oled_anim::init(oled_obj*, fade_type, uint16_t)	8	static
sources/GUI/Src/oled_anim.cpp:137:6:void oled_anim::init(oled_obj*, int16_t, int16_t, int16_t, int16_t, uint16_t)	16	static
sources/GUI/Src/oled_anim.cpp:112:1:oled_anim::oled_anim(oled_obj*, int16_t, int16_t, uint16_t)	16	static
sources/GUI/Src/oled_anim.cpp:122:1:oled_anim::oled_anim(oled_obj*, fade_type, uint16_t)	16	static
sources/GUI/Src/oled_anim.cpp:182:6:static void oled_anim::oled_anim_delete(oled_anim*)	0	static
sources/GUI/Src/oled_anim.cpp:148:6:void oled_anim::deinit()	0	static
sources/GUI/Src/oled_anim.cpp:215:6:static void oled_anim::oled_anim_run()	40	static
