Archive member included to satisfy reference by file (symbol)

/home/giahuy/workspace/tools/gcc-arm-none-eabi-10.3-2021.10/arm-none-eabi/lib/thumb/v7-m/nofp/libc.a(lib_a-malloc.o)
                              build_Runner-game/os_mem.o (malloc)
/home/giahuy/workspace/tools/gcc-arm-none-eabi-10.3-2021.10/arm-none-eabi/lib/thumb/v7-m/nofp/libc.a(lib_a-mallocr.o)
                              /home/giahuy/workspace/tools/gcc-arm-none-eabi-10.3-2021.10/arm-none-eabi/lib/thumb/v7-m/nofp/libc.a(lib_a-malloc.o) (_malloc_r)
/home/giahuy/workspace/tools/gcc-arm-none-eabi-10.3-2021.10/arm-none-eabi/lib/thumb/v7-m/nofp/libc.a(lib_a-memcpy.o)
                              build_Runner-game/io_cfg.o (memcpy)
/home/giahuy/workspace/tools/gcc-arm-none-eabi-10.3-2021.10/arm-none-eabi/lib/thumb/v7-m/nofp/libc.a(lib_a-memset.o)
                              build_Runner-game/os_task.o (memset)
/home/giahuy/workspace/tools/gcc-arm-none-eabi-10.3-2021.10/arm-none-eabi/lib/thumb/v7-m/nofp/libc.a(lib_a-mlock.o)
                              /home/giahuy/workspace/tools/gcc-arm-none-eabi-10.3-2021.10/arm-none-eabi/lib/thumb/v7-m/nofp/libc.a(lib_a-mallocr.o) (__malloc_lock)
/home/giahuy/workspace/tools/gcc-arm-none-eabi-10.3-2021.10/arm-none-eabi/lib/thumb/v7-m/nofp/libc.a(lib_a-rand.o)
                              build_Runner-game/scr_main_game.o (rand)
/home/giahuy/workspace/tools/gcc-arm-none-eabi-10.3-2021.10/arm-none-eabi/lib/thumb/v7-m/nofp/libc.a(lib_a-sbrkr.o)
                              /home/giahuy/workspace/tools/gcc-arm-none-eabi-10.3-2021.10/arm-none-eabi/lib/thumb/v7-m/nofp/libc.a(lib_a-mallocr.o) (_sbrk_r)
/home/giahuy/workspace/tools/gcc-arm-none-eabi-10.3-2021.10/arm-none-eabi/lib/thumb/v7-m/nofp/libc.a(lib_a-strcpy.o)
                              build_Runner-game/Adafruit_GFX.o (strcpy)
/home/giahuy/workspace/tools/gcc-arm-none-eabi-10.3-2021.10/arm-none-eabi/lib/thumb/v7-m/nofp/libc.a(lib_a-strlen-stub.o)
                              build_Runner-game/xprintf.o (strlen)
/home/giahuy/workspace/tools/gcc-arm-none-eabi-10.3-2021.10/arm-none-eabi/lib/thumb/v7-m/nofp/libc.a(lib_a-vsnprintf.o)
                              build_Runner-game/Adafruit_GFX.o (vsnprintf)
/home/giahuy/workspace/tools/gcc-arm-none-eabi-10.3-2021.10/arm-none-eabi/lib/thumb/v7-m/nofp/libc.a(lib_a-freer.o)
                              /home/giahuy/workspace/tools/gcc-arm-none-eabi-10.3-2021.10/arm-none-eabi/lib/thumb/v7-m/nofp/libc.a(lib_a-malloc.o) (_free_r)
/home/giahuy/workspace/tools/gcc-arm-none-eabi-10.3-2021.10/arm-none-eabi/lib/thumb/v7-m/nofp/libc.a(lib_a-impure.o)
                              /home/giahuy/workspace/tools/gcc-arm-none-eabi-10.3-2021.10/arm-none-eabi/lib/thumb/v7-m/nofp/libc.a(lib_a-malloc.o) (_impure_ptr)
/home/giahuy/workspace/tools/gcc-arm-none-eabi-10.3-2021.10/arm-none-eabi/lib/thumb/v7-m/nofp/libc.a(lib_a-lock.o)
                              /home/giahuy/workspace/tools/gcc-arm-none-eabi-10.3-2021.10/arm-none-eabi/lib/thumb/v7-m/nofp/libc.a(lib_a-mlock.o) (__retarget_lock_acquire_recursive)
/home/giahuy/workspace/tools/gcc-arm-none-eabi-10.3-2021.10/arm-none-eabi/lib/thumb/v7-m/nofp/libc.a(lib_a-reent.o)
                              /home/giahuy/workspace/tools/gcc-arm-none-eabi-10.3-2021.10/arm-none-eabi/lib/thumb/v7-m/nofp/libc.a(lib_a-sbrkr.o) (errno)
/home/giahuy/workspace/tools/gcc-arm-none-eabi-10.3-2021.10/arm-none-eabi/lib/thumb/v7-m/nofp/libc.a(lib_a-svfprintf.o)
                              /home/giahuy/workspace/tools/gcc-arm-none-eabi-10.3-2021.10/arm-none-eabi/lib/thumb/v7-m/nofp/libc.a(lib_a-vsnprintf.o) (_svfprintf_r)
/home/giahuy/workspace/tools/gcc-arm-none-eabi-10.3-2021.10/arm-none-eabi/lib/thumb/v7-m/nofp/libc.a(lib_a-dtoa.o)
                              /home/giahuy/workspace/tools/gcc-arm-none-eabi-10.3-2021.10/arm-none-eabi/lib/thumb/v7-m/nofp/libc.a(lib_a-svfprintf.o) (_dtoa_r)
/home/giahuy/workspace/tools/gcc-arm-none-eabi-10.3-2021.10/arm-none-eabi/lib/thumb/v7-m/nofp/libc.a(lib_a-localeconv.o)
                              /home/giahuy/workspace/tools/gcc-arm-none-eabi-10.3-2021.10/arm-none-eabi/lib/thumb/v7-m/nofp/libc.a(lib_a-svfprintf.o) (_localeconv_r)
/home/giahuy/workspace/tools/gcc-arm-none-eabi-10.3-2021.10/arm-none-eabi/lib/thumb/v7-m/nofp/libc.a(lib_a-memchr-stub.o)
                              /home/giahuy/workspace/tools/gcc-arm-none-eabi-10.3-2021.10/arm-none-eabi/lib/thumb/v7-m/nofp/libc.a(lib_a-svfprintf.o) (memchr)
/home/giahuy/workspace/tools/gcc-arm-none-eabi-10.3-2021.10/arm-none-eabi/lib/thumb/v7-m/nofp/libc.a(lib_a-mprec.o)
                              /home/giahuy/workspace/tools/gcc-arm-none-eabi-10.3-2021.10/arm-none-eabi/lib/thumb/v7-m/nofp/libc.a(lib_a-dtoa.o) (_Balloc)
/home/giahuy/workspace/tools/gcc-arm-none-eabi-10.3-2021.10/arm-none-eabi/lib/thumb/v7-m/nofp/libc.a(lib_a-s_frexp.o)
                              /home/giahuy/workspace/tools/gcc-arm-none-eabi-10.3-2021.10/arm-none-eabi/lib/thumb/v7-m/nofp/libc.a(lib_a-svfprintf.o) (frexp)
[...]
Memory Configuration

Name             Origin             Length             Attributes
FLASH            0x0000000008000000 0x0000000000010000 xr
SRAM             0x0000000020000000 0x0000000000004000 xrw
*default*        0x0000000000000000 0xffffffffffffffff

Linker script and memory map

                0x0000000020000000                _sram = ORIGIN (SRAM)
                0x0000000000001400                HEAP_SIZE = 0x1400

.text           0x0000000008000000     0x1404
                0x0000000008000000                _isr_vector = .
 *(.isr_vector)
 .isr_vector    0x0000000008000000       0xf4 build_Runner-game/system_startup.o
                0x0000000008000000                vectors
 *(.text)
 .text          0x00000000080000f4       0xec /home/giahuy/workspace/tools/gcc-arm-none-eabi-10.3-2021.10/arm-none-eabi/lib/thumb/v7-m/nofp/libc.a(lib_a-memcpy.o)
                0x00000000080000f4                memcpy
 .text          0x00000000080001e0      0x378 /home/giahuy/workspace/tools/gcc-arm-none-eabi-10.3-2021.10/lib/gcc/arm-none-eabi/10.3.1/thumb/v7-m/nofp/libgcc.a(_arm_addsubdf3.o)
                0x00000000080001e0                __aeabi_drsub
                0x00000000080001e8                __aeabi_dsub
                0x00000000080001e8                __subdf3
                0x00000000080001ec                __adddf3
                0x00000000080001ec                __aeabi_dadd
                0x0000000008000464                __aeabi_ui2d
                0x0000000008000464                __floatunsidf
                0x0000000008000484                __floatsidf
                0x0000000008000484                __aeabi_i2d
                0x00000000080004a8                __extendsfdf2
                0x00000000080004a8                __aeabi_f2d
                0x00000000080004ec                __aeabi_ul2d
                0x00000000080004ec                __floatundidf
                0x00000000080004fc                __floatdidf
                0x00000000080004fc                __aeabi_l2d
 .text          0x0000000008000558      0x424 /home/giahuy/workspace/tools/gcc-arm-none-eabi-10.3-2021.10/lib/gcc/arm-none-eabi/10.3.1/thumb/v7-m/nofp/libgcc.a(_arm_muldivdf3.o)
                0x0000000008000558                __aeabi_dmul
                0x0000000008000558                __muldf3
                0x00000000080007ac                __aeabi_ddiv
                0x00000000080007ac                __divdf3
 .text          0x000000000800097c      0x110 /home/giahuy/workspace/tools/gcc-arm-none-eabi-10.3-2021.10/lib/gcc/arm-none-eabi/10.3.1/thumb/v7-m/nofp/libgcc.a(_arm_cmpdf2.o)
                0x000000000800097c                __gtdf2
                0x000000000800097c                __gedf2
                0x0000000008000984                __ltdf2
                0x0000000008000984                __ledf2
                0x000000000800098c                __cmpdf2
                0x000000000800098c                __eqdf2
                0x000000000800098c                __nedf2
                0x0000000008000a08                __aeabi_cdrcmple
                0x0000000008000a18                __aeabi_cdcmple
                0x0000000008000a18                __aeabi_cdcmpeq
                0x0000000008000a28                __aeabi_dcmpeq
                0x0000000008000a3c                __aeabi_dcmplt
                0x0000000008000a50                __aeabi_dcmple
                0x0000000008000a64                __aeabi_dcmpge
                0x0000000008000a78                __aeabi_dcmpgt
 .text          0x0000000008000a8c       0x2c /home/giahuy/workspace/tools/gcc-arm-none-eabi-10.3-2021.10/lib/gcc/arm-none-eabi/10.3.1/thumb/v7-m/nofp/libgcc.a(_arm_unorddf2.o)
                0x0000000008000a8c                __aeabi_dcmpun
                0x0000000008000a8c                __unorddf2
 .text          0x0000000008000ab8       0x50 /home/giahuy/workspace/tools/gcc-arm-none-eabi-10.3-2021.10/lib/gcc/arm-none-eabi/10.3.1/thumb/v7-m/nofp/libgcc.a(_arm_fixdfsi.o)
                0x0000000008000ab8                __fixdfsi
                0x0000000008000ab8                __aeabi_d2iz
 .text          0x0000000008000b08      0x21c /home/giahuy/workspace/tools/gcc-arm-none-eabi-10.3-2021.10/lib/gcc/arm-none-eabi/10.3.1/thumb/v7-m/nofp/libgcc.a(_arm_addsubsf3.o)
                0x0000000008000b08                __aeabi_frsub
                0x0000000008000b10                __subsf3
                0x0000000008000b10                __aeabi_fsub
                0x0000000008000b14                __aeabi_fadd
                0x0000000008000b14                __addsf3
                0x0000000008000c74                __aeabi_ui2f
                0x0000000008000c74                __floatunsisf
                0x0000000008000c7c                __aeabi_i2f
                0x0000000008000c7c                __floatsisf
                0x0000000008000c98                __floatundisf
                0x0000000008000c98                __aeabi_ul2f
                0x0000000008000ca8                __floatdisf
                0x0000000008000ca8                __aeabi_l2f
 .text          0x0000000008000d24      0x2a0 /home/giahuy/workspace/tools/gcc-arm-none-eabi-10.3-2021.10/lib/gcc/arm-none-eabi/10.3.1/thumb/v7-m/nofp/libgcc.a(_arm_muldivsf3.o)
                0x0000000008000d24                __mulsf3
                0x0000000008000d24                __aeabi_fmul
                0x0000000008000e8c                __divsf3
                0x0000000008000e8c                __aeabi_fdiv
 .text          0x0000000008000fc4       0xec /home/giahuy/workspace/tools/gcc-arm-none-eabi-10.3-2021.10/lib/gcc/arm-none-eabi/10.3.1/thumb/v7-m/nofp/libgcc.a(_arm_cmpsf2.o)
                0x0000000008000fc4                __gtsf2
                0x0000000008000fc4                __gesf2
                0x0000000008000fcc                __lesf2
                0x0000000008000fcc                __ltsf2
                0x0000000008000fd4                __nesf2
                0x0000000008000fd4                __eqsf2
                0x0000000008000fd4                __cmpsf2
                0x0000000008001034                __aeabi_cfrcmple
                0x000000000800103c                __aeabi_cfcmple
                0x000000000800103c                __aeabi_cfcmpeq
                0x000000000800104c                __aeabi_fcmpeq
                0x0000000008001060                __aeabi_fcmplt
                0x0000000008001074                __aeabi_fcmple
                0x0000000008001088                __aeabi_fcmpge
                0x000000000800109c                __aeabi_fcmpgt
 .text          0x00000000080010b0       0x4c /home/giahuy/workspace/tools/gcc-arm-none-eabi-10.3-2021.10/lib/gcc/arm-none-eabi/10.3.1/thumb/v7-m/nofp/libgcc.a(_arm_fixsfsi.o)
                0x00000000080010b0                __fixsfsi
                0x00000000080010b0                __aeabi_f2iz
 .text          0x00000000080010fc       0x30 /home/giahuy/workspace/tools/gcc-arm-none-eabi-10.3-2021.10/lib/gcc/arm-none-eabi/10.3.1/thumb/v7-m/nofp/libgcc.a(_aeabi_uldivmod.o)
                0x00000000080010fc                __aeabi_uldivmod
 .text          0x000000000800112c      0x2d4 /home/giahuy/workspace/tools/gcc-arm-none-eabi-10.3-2021.10/lib/gcc/arm-none-eabi/10.3.1/thumb/v7-m/nofp/libgcc.a(_udivmoddi4.o)
                0x000000000800112c                __udivmoddi4
 .text          0x0000000008001400        0x4 /home/giahuy/workspace/tools/gcc-arm-none-eabi-10.3-2021.10/lib/gcc/arm-none-eabi/10.3.1/thumb/v7-m/nofp/libgcc.a(_dvmd_tls.o)
                0x0000000008001400                __aeabi_ldiv0
                0x0000000008001400                __aeabi_idiv0
 *(.rodata)
 *(.glue_7)
 .glue_7        0x0000000008001404        0x0 linker stubs
 *(.glue_7t)
 .glue_7t       0x0000000008001404        0x0 linker stubs
 *(.init)
 *(.fini)
                0x0000000008001404                . = ALIGN (0x4)

.vfp11_veneer   0x0000000008001404        0x0
 .vfp11_veneer  0x0000000008001404        0x0 linker stubs

.v4_bx          0x0000000008001404        0x0
 .v4_bx         0x0000000008001404        0x0 linker stubs

.text.GPIO_Init
                0x0000000008001404       0x78
 .text.GPIO_Init
                0x0000000008001404       0x78 build_Runner-game/stm32l1xx_gpio.o
                0x0000000008001404                GPIO_Init

.text.GPIO_ReadInputDataBit
                0x000000000800147c        0xc
 .text.GPIO_ReadInputDataBit
                0x000000000800147c        0xc build_Runner-game/stm32l1xx_gpio.o
                0x000000000800147c                GPIO_ReadInputDataBit

.text.GPIO_SetBits
                0x0000000008001488        0x4
 .text.GPIO_SetBits
                0x0000000008001488        0x4 build_Runner-game/stm32l1xx_gpio.o
                0x0000000008001488                GPIO_SetBits

.text.GPIO_ResetBits
                0x000000000800148c        0x4
 .text.GPIO_ResetBits
                0x000000000800148c        0x4 build_Runner-game/stm32l1xx_gpio.o
                0x000000000800148c                GPIO_ResetBits

.text.GPIO_WriteBit
                0x0000000008001490        0xa
 .text.GPIO_WriteBit
                0x0000000008001490        0xa build_Runner-game/stm32l1xx_gpio.o
                0x0000000008001490                GPIO_WriteBit

.text.GPIO_ToggleBits
                0x000000000800149a        0xa
 .text.GPIO_ToggleBits
                0x000000000800149a        0xa build_Runner-game/stm32l1xx_gpio.o
                0x000000000800149a                GPIO_ToggleBits

.text.GPIO_PinAFConfig
                0x00000000080014a4       0x24
 .text.GPIO_PinAFConfig
                0x00000000080014a4       0x24 build_Runner-game/stm32l1xx_gpio.o
                0x00000000080014a4                GPIO_PinAFConfig

.text.RCC_HSICmd
                0x00000000080014c8        0xc
 .text.RCC_HSICmd
                0x00000000080014c8        0xc build_Runner-game/stm32l1xx_rcc.o
                0x00000000080014c8                RCC_HSICmd

.text.RCC_GetClocksFreq
                0x00000000080014d4       0x9c
 .text.RCC_GetClocksFreq
                0x00000000080014d4       0x9c build_Runner-game/stm32l1xx_rcc.o
                0x00000000080014d4                RCC_GetClocksFreq

.text.RCC_AHBPeriphClockCmd
                0x0000000008001570       0x18
 .text.RCC_AHBPeriphClockCmd
                0x0000000008001570       0x18 build_Runner-game/stm32l1xx_rcc.o
                0x0000000008001570                RCC_AHBPeriphClockCmd

.text.RCC_APB2PeriphClockCmd
                0x0000000008001588       0x18
 .text.RCC_APB2PeriphClockCmd
                0x0000000008001588       0x18 build_Runner-game/stm32l1xx_rcc.o
                0x0000000008001588                RCC_APB2PeriphClockCmd

.text.RCC_APB1PeriphClockCmd
                0x00000000080015a0       0x18
 .text.RCC_APB1PeriphClockCmd
                0x00000000080015a0       0x18 build_Runner-game/stm32l1xx_rcc.o
                0x00000000080015a0                RCC_APB1PeriphClockCmd

.text.RCC_APB2PeriphResetCmd
                0x00000000080015b8       0x18
 .text.RCC_APB2PeriphResetCmd
                0x00000000080015b8       0x18 build_Runner-game/stm32l1xx_rcc.o
                0x00000000080015b8                RCC_APB2PeriphResetCmd

.text.RCC_APB1PeriphResetCmd
                0x00000000080015d0       0x18
 .text.RCC_APB1PeriphResetCmd
                0x00000000080015d0       0x18 build_Runner-game/stm32l1xx_rcc.o
                0x00000000080015d0                RCC_APB1PeriphResetCmd

.text.RCC_GetFlagStatus
                0x00000000080015e8       0x20
 .text.RCC_GetFlagStatus
                0x00000000080015e8       0x20 build_Runner-game/stm32l1xx_rcc.o
                0x00000000080015e8                RCC_GetFlagStatus

.iplt           0x0000000008001608        0x0
 .iplt          0x0000000008001608        0x0 build_Runner-game/stm32l1xx_rcc.o

.text.SPI_Init  0x0000000008001608       0x3e
 .text.SPI_Init
                0x0000000008001608       0x3e build_Runner-game/stm32l1xx_spi.o
                0x0000000008001608                SPI_Init

.text.SPI_Cmd   0x0000000008001646       0x18
 .text.SPI_Cmd  0x0000000008001646       0x18 build_Runner-game/stm32l1xx_spi.o
                0x0000000008001646                SPI_Cmd

.text.SPI_NSSInternalSoftwareConfig
                0x000000000800165e       0x1e
 .text.SPI_NSSInternalSoftwareConfig
                0x000000000800165e       0x1e build_Runner-game/stm32l1xx_spi.o
                0x000000000800165e                SPI_NSSInternalSoftwareConfig

.text.SPI_I2S_ReceiveData
                0x000000000800167c        0x6
 .text.SPI_I2S_ReceiveData
                0x000000000800167c        0x6 build_Runner-game/stm32l1xx_spi.o
                0x000000000800167c                SPI_I2S_ReceiveData

.text.SPI_I2S_SendData
                0x0000000008001682        0x4
 .text.SPI_I2S_SendData
                0x0000000008001682        0x4 build_Runner-game/stm32l1xx_spi.o
                0x0000000008001682                SPI_I2S_SendData

.text.SPI_I2S_GetFlagStatus
                0x0000000008001686        0xc
 .text.SPI_I2S_GetFlagStatus
                0x0000000008001686        0xc build_Runner-game/stm32l1xx_spi.o
                0x0000000008001686                SPI_I2S_GetFlagStatus

.text.NVIC_PriorityGroupConfig
                0x0000000008001694       0x14
 .text.NVIC_PriorityGroupConfig
                0x0000000008001694       0x14 build_Runner-game/misc.o
                0x0000000008001694                NVIC_PriorityGroupConfig

.text.NVIC_Init
                0x00000000080016a8       0x58
 .text.NVIC_Init
                0x00000000080016a8       0x58 build_Runner-game/misc.o
                0x00000000080016a8                NVIC_Init

.text.EXTI_Init
                0x0000000008001700       0x6c
 .text.EXTI_Init
                0x0000000008001700       0x6c build_Runner-game/stm32l1xx_exti.o
                0x0000000008001700                EXTI_Init

.text.EXTI_GetFlagStatus
                0x000000000800176c       0x14
 .text.EXTI_GetFlagStatus
                0x000000000800176c       0x14 build_Runner-game/stm32l1xx_exti.o
                0x000000000800176c                EXTI_GetFlagStatus

.text.EXTI_GetITStatus
                0x0000000008001780        0x4
 .text.EXTI_GetITStatus
                0x0000000008001780        0x4 build_Runner-game/stm32l1xx_exti.o
                0x0000000008001780                EXTI_GetITStatus

.text.EXTI_ClearITPendingBit
                0x0000000008001784        0xc
 .text.EXTI_ClearITPendingBit
                0x0000000008001784        0xc build_Runner-game/stm32l1xx_exti.o
                0x0000000008001784                EXTI_ClearITPendingBit

.text.SYSCFG_EXTILineConfig
                0x0000000008001790       0x2a
 .text.SYSCFG_EXTILineConfig
                0x0000000008001790       0x2a build_Runner-game/stm32l1xx_syscfg.o
                0x0000000008001790                SYSCFG_EXTILineConfig

.text.TIM_DeInit
                0x00000000080017bc       0xe4
 .text.TIM_DeInit
                0x00000000080017bc       0xe4 build_Runner-game/stm32l1xx_tim.o
                0x00000000080017bc                TIM_DeInit

.text.TIM_TimeBaseInit
                0x00000000080018a0       0x58
 .text.TIM_TimeBaseInit
                0x00000000080018a0       0x58 build_Runner-game/stm32l1xx_tim.o
                0x00000000080018a0                TIM_TimeBaseInit

.text.TIM_ARRPreloadConfig
                0x00000000080018f8       0x18
 .text.TIM_ARRPreloadConfig
                0x00000000080018f8       0x18 build_Runner-game/stm32l1xx_tim.o
                0x00000000080018f8                TIM_ARRPreloadConfig

.text.TIM_Cmd   0x0000000008001910       0x18
 .text.TIM_Cmd  0x0000000008001910       0x18 build_Runner-game/stm32l1xx_tim.o
                0x0000000008001910                TIM_Cmd

.text.TIM_OC3Init
                0x0000000008001928       0x3c
 .text.TIM_OC3Init
                0x0000000008001928       0x3c build_Runner-game/stm32l1xx_tim.o
                0x0000000008001928                TIM_OC3Init

.text.TIM_OC3PreloadConfig
                0x0000000008001964       0x10
 .text.TIM_OC3PreloadConfig
                0x0000000008001964       0x10 build_Runner-game/stm32l1xx_tim.o
                0x0000000008001964                TIM_OC3PreloadConfig

.text.ADC_Init  0x0000000008001974       0x4c
 .text.ADC_Init
                0x0000000008001974       0x4c build_Runner-game/stm32l1xx_adc.o
                0x0000000008001974                ADC_Init

.text.ADC_CommonInit
                0x00000000080019c0       0x14
 .text.ADC_CommonInit
                0x00000000080019c0       0x14 build_Runner-game/stm32l1xx_adc.o
                0x00000000080019c0                ADC_CommonInit

.text.ADC_Cmd   0x00000000080019d4       0x12
 .text.ADC_Cmd  0x00000000080019d4       0x12 build_Runner-game/stm32l1xx_adc.o
                0x00000000080019d4                ADC_Cmd

.text.ADC_RegularChannelConfig
                0x00000000080019e6      0x104
 .text.ADC_RegularChannelConfig
                0x00000000080019e6      0x104 build_Runner-game/stm32l1xx_adc.o
                0x00000000080019e6                ADC_RegularChannelConfig

.text.ADC_SoftwareStartConv
                0x0000000008001aea        0xa
 .text.ADC_SoftwareStartConv
                0x0000000008001aea        0xa build_Runner-game/stm32l1xx_adc.o
                0x0000000008001aea                ADC_SoftwareStartConv

.text.ADC_DMACmd
                0x0000000008001af4       0x12
 .text.ADC_DMACmd
                0x0000000008001af4       0x12 build_Runner-game/stm32l1xx_adc.o
                0x0000000008001af4                ADC_DMACmd

.text.ADC_DMARequestAfterLastTransferCmd
                0x0000000008001b06       0x12
 .text.ADC_DMARequestAfterLastTransferCmd
                0x0000000008001b06       0x12 build_Runner-game/stm32l1xx_adc.o
                0x0000000008001b06                ADC_DMARequestAfterLastTransferCmd

.text.ADC_GetFlagStatus
                0x0000000008001b18        0xc
 .text.ADC_GetFlagStatus
                0x0000000008001b18        0xc build_Runner-game/stm32l1xx_adc.o
                0x0000000008001b18                ADC_GetFlagStatus

.text.DATA_EEPROM_Unlock
                0x0000000008001b24       0x20
 .text.DATA_EEPROM_Unlock
                0x0000000008001b24       0x20 build_Runner-game/stm32l1xx_flash.o
                0x0000000008001b24                DATA_EEPROM_Unlock

.text.DATA_EEPROM_Lock
                0x0000000008001b44       0x10
 .text.DATA_EEPROM_Lock
                0x0000000008001b44       0x10 build_Runner-game/stm32l1xx_flash.o
                0x0000000008001b44                DATA_EEPROM_Lock

.text.FLASH_ClearFlag
                0x0000000008001b54        0xc
 .text.FLASH_ClearFlag
                0x0000000008001b54        0xc build_Runner-game/stm32l1xx_flash.o
                0x0000000008001b54                FLASH_ClearFlag

.text.FLASH_GetStatus
                0x0000000008001b60       0x28
 .text.FLASH_GetStatus
                0x0000000008001b60       0x28 build_Runner-game/stm32l1xx_flash.o
                0x0000000008001b60                FLASH_GetStatus

.text.FLASH_WaitForLastOperation
                0x0000000008001b88       0x3c
 .text.FLASH_WaitForLastOperation
                0x0000000008001b88       0x3c build_Runner-game/stm32l1xx_flash.o
                0x0000000008001b88                FLASH_WaitForLastOperation

.text.DATA_EEPROM_EraseWord
                0x0000000008001bc4       0x16
 .text.DATA_EEPROM_EraseWord
                0x0000000008001bc4       0x16 build_Runner-game/stm32l1xx_flash.o
                0x0000000008001bc4                DATA_EEPROM_EraseWord

.text.DATA_EEPROM_FastProgramWord
                0x0000000008001bdc       0x30
 .text.DATA_EEPROM_FastProgramWord
                0x0000000008001bdc       0x30 build_Runner-game/stm32l1xx_flash.o
                0x0000000008001bdc                DATA_EEPROM_FastProgramWord

.text.DATA_EEPROM_ProgramByte
                0x0000000008001c0c       0x4c
 .text.DATA_EEPROM_ProgramByte
                0x0000000008001c0c       0x4c build_Runner-game/stm32l1xx_flash.o
                0x0000000008001c0c                DATA_EEPROM_ProgramByte

.text.USART_Init
                0x0000000008001c58       0xa4
 .text.USART_Init
                0x0000000008001c58       0xa4 build_Runner-game/stm32l1xx_usart.o
                0x0000000008001c58                USART_Init

.text.USART_Cmd
                0x0000000008001cfc       0x18
 .text.USART_Cmd
                0x0000000008001cfc       0x18 build_Runner-game/stm32l1xx_usart.o
                0x0000000008001cfc                USART_Cmd

.text.USART_SendData
                0x0000000008001d14        0x8
 .text.USART_SendData
                0x0000000008001d14        0x8 build_Runner-game/stm32l1xx_usart.o
                0x0000000008001d14                USART_SendData

.text.USART_ReceiveData
                0x0000000008001d1c        0x8
 .text.USART_ReceiveData
                0x0000000008001d1c        0x8 build_Runner-game/stm32l1xx_usart.o
                0x0000000008001d1c                USART_ReceiveData

.text.USART_ITConfig
                0x0000000008001d24       0x30
 .text.USART_ITConfig
                0x0000000008001d24       0x30 build_Runner-game/stm32l1xx_usart.o
                0x0000000008001d24                USART_ITConfig

.text.USART_GetFlagStatus
                0x0000000008001d54        0xc
 .text.USART_GetFlagStatus
                0x0000000008001d54        0xc build_Runner-game/stm32l1xx_usart.o
                0x0000000008001d54                USART_GetFlagStatus

.text.USART_GetITStatus
                0x0000000008001d60       0x3e
 .text.USART_GetITStatus
                0x0000000008001d60       0x3e build_Runner-game/stm32l1xx_usart.o
                0x0000000008001d60                USART_GetITStatus

.text.USART_ClearITPendingBit
                0x0000000008001d9e        0xe
 .text.USART_ClearITPendingBit
                0x0000000008001d9e        0xe build_Runner-game/stm32l1xx_usart.o
                0x0000000008001d9e                USART_ClearITPendingBit

.text.SystemInit
                0x0000000008001dac      0x110
 .text.SystemInit
                0x0000000008001dac      0x110 build_Runner-game/system_stm32l1xx.o
                0x0000000008001dac                SystemInit

.text.SystemCoreClockUpdate
                0x0000000008001ebc       0x88
 .text.SystemCoreClockUpdate
                0x0000000008001ebc       0x88 build_Runner-game/system_stm32l1xx.o
                0x0000000008001ebc                SystemCoreClockUpdate

.text.HardFault_Handler
                0x0000000008001f44       0x14
 .text.HardFault_Handler
                0x0000000008001f44       0x14 build_Runner-game/system_startup.o
                0x0000000008001f44                HardFault_Handler

.text.Default_Handler
                0x0000000008001f58       0x14
 .text.Default_Handler
                0x0000000008001f58       0x14 build_Runner-game/system_startup.o
                0x0000000008001f58                DebugMon_Handler
                0x0000000008001f58                NMI_Handler
                0x0000000008001f58                UsageFault_Handler
                0x0000000008001f58                Default_Handler
                0x0000000008001f58                MemFault_Handler
                0x0000000008001f58                BusFault_Handler

.text.sys_ctrl_delay
                0x0000000008001f6c        0xc
 .text.sys_ctrl_delay
                0x0000000008001f6c        0xc build_Runner-game/system_startup.o
                0x0000000008001f6c                sys_ctrl_delay

.text.sys_cfg_clock
                0x0000000008001f78       0x22
 .text.sys_cfg_clock
                0x0000000008001f78       0x22 build_Runner-game/system_startup.o
                0x0000000008001f78                sys_cfg_clock

.text.Reset_Handler
                0x0000000008001f9c       0xbc
 .text.Reset_Handler
                0x0000000008001f9c       0xbc build_Runner-game/system_startup.o
                0x0000000008001f9c                Reset_Handler

.text._init     0x0000000008002058        0x2
 .text._init    0x0000000008002058        0x2 build_Runner-game/system_startup.o
                0x0000000008002058                _init

.text._fini     0x000000000800205a        0x2
 .text._fini    0x000000000800205a        0x2 build_Runner-game/system_startup.o
                0x000000000800205a                _fini

.text.pinout_header_init
                0x000000000800205c       0xec
 .text.pinout_header_init
                0x000000000800205c       0xec build_Runner-game/io_cfg.o
                0x000000000800205c                pinout_header_init

.text.io_button_mode_init
                0x0000000008002148       0x28
 .text.io_button_mode_init
                0x0000000008002148       0x28 build_Runner-game/io_cfg.o
                0x0000000008002148                io_button_mode_init

.text.io_button_up_init
                0x0000000008002170       0x28
 .text.io_button_up_init
                0x0000000008002170       0x28 build_Runner-game/io_cfg.o
                0x0000000008002170                io_button_up_init

.text.io_button_down_init
                0x0000000008002198       0x28
 .text.io_button_down_init
                0x0000000008002198       0x28 build_Runner-game/io_cfg.o
                0x0000000008002198                io_button_down_init

.text.io_button_mode_read
                0x00000000080021c0        0xc
 .text.io_button_mode_read
                0x00000000080021c0        0xc build_Runner-game/io_cfg.o
                0x00000000080021c0                io_button_mode_read

.text.io_button_up_read
                0x00000000080021cc       0x10
 .text.io_button_up_read
                0x00000000080021cc       0x10 build_Runner-game/io_cfg.o
                0x00000000080021cc                io_button_up_read

.text.io_button_down_read
                0x00000000080021dc        0xc
 .text.io_button_down_read
                0x00000000080021dc        0xc build_Runner-game/io_cfg.o
                0x00000000080021dc                io_button_down_read

.text.led_life_init
                0x00000000080021e8       0x28
 .text.led_life_init
                0x00000000080021e8       0x28 build_Runner-game/io_cfg.o
                0x00000000080021e8                led_life_init

.text.led_life_toggle
                0x0000000008002210       0x10
 .text.led_life_toggle
                0x0000000008002210       0x10 build_Runner-game/io_cfg.o
                0x0000000008002210                led_life_toggle

.text.ssd1306_clk_output_mode
                0x0000000008002220       0x28
 .text.ssd1306_clk_output_mode
                0x0000000008002220       0x28 build_Runner-game/io_cfg.o
                0x0000000008002220                ssd1306_clk_output_mode

.text.ssd1306_data_output_mode
                0x0000000008002248       0x28
 .text.ssd1306_data_output_mode
                0x0000000008002248       0x28 build_Runner-game/io_cfg.o
                0x0000000008002248                ssd1306_data_output_mode

.text.io_eeprom_read
                0x0000000008002270       0x34
 .text.io_eeprom_read
                0x0000000008002270       0x34 build_Runner-game/io_cfg.o
                0x0000000008002270                io_eeprom_read

.text.io_eeprom_write
                0x00000000080022a4       0x48
 .text.io_eeprom_write
                0x00000000080022a4       0x48 build_Runner-game/io_cfg.o
                0x00000000080022a4                io_eeprom_write

.text.nrf24l01_io_ctrl_init
                0x00000000080022ec       0x98
 .text.nrf24l01_io_ctrl_init
                0x00000000080022ec       0x98 build_Runner-game/io_cfg.o
                0x00000000080022ec                nrf24l01_io_ctrl_init

.text.nrf24l01_ce_low
                0x0000000008002384       0x10
 .text.nrf24l01_ce_low
                0x0000000008002384       0x10 build_Runner-game/io_cfg.o
                0x0000000008002384                nrf24l01_ce_low

.text.nrf24l01_ce_high
                0x0000000008002394       0x10
 .text.nrf24l01_ce_high
                0x0000000008002394       0x10 build_Runner-game/io_cfg.o
                0x0000000008002394                nrf24l01_ce_high

.text.nrf24l01_csn_low
                0x00000000080023a4       0x10
 .text.nrf24l01_csn_low
                0x00000000080023a4       0x10 build_Runner-game/io_cfg.o
                0x00000000080023a4                nrf24l01_csn_low

.text.nrf24l01_csn_high
                0x00000000080023b4       0x10
 .text.nrf24l01_csn_high
                0x00000000080023b4       0x10 build_Runner-game/io_cfg.o
                0x00000000080023b4                nrf24l01_csn_high

.text.nrf24l01_spi_init
                0x00000000080023c4       0xa0
 .text.nrf24l01_spi_init
                0x00000000080023c4       0xa0 build_Runner-game/io_cfg.o
                0x00000000080023c4                nrf24l01_spi_init

.text.Sys_Console_Send_Char
                0x0000000008002464       0x2c
 .text.Sys_Console_Send_Char
                0x0000000008002464       0x2c build_Runner-game/system.o

.text.SysInitConsole
                0x0000000008002490       0xcc
 .text.SysInitConsole
                0x0000000008002490       0xcc build_Runner-game/system.o
                0x0000000008002490                SysInitConsole

.text.USART1_IRQHandler
                0x000000000800255c       0x2c
 .text.USART1_IRQHandler
                0x000000000800255c       0x2c build_Runner-game/system.o
                0x000000000800255c                USART1_IRQHandler

.text.ilog10    0x0000000008002588       0xd8
 .text.ilog10   0x0000000008002588       0xd8 build_Runner-game/xprintf.o

.text.i10x      0x0000000008002660       0x78
 .text.i10x     0x0000000008002660       0x78 build_Runner-game/xprintf.o

.text.xfputc    0x00000000080026d8       0x30
 .text.xfputc   0x00000000080026d8       0x30 build_Runner-game/xprintf.o
                0x00000000080026d8                xfputc

.text.xvfprintf
                0x0000000008002708      0x580
 .text.xvfprintf
                0x0000000008002708      0x580 build_Runner-game/xprintf.o

.text.xprintf   0x0000000008002c88       0x24
 .text.xprintf  0x0000000008002c88       0x24 build_Runner-game/xprintf.o
                0x0000000008002c88                xprintf

.text.button_init
                0x0000000008002cac       0x34
 .text.button_init
                0x0000000008002cac       0x34 build_Runner-game/button.o
                0x0000000008002cac                button_init

.text.button_enable
                0x0000000008002ce0        0x6
 .text.button_enable
                0x0000000008002ce0        0x6 build_Runner-game/button.o
                0x0000000008002ce0                button_enable

.text.button_timer_polling
                0x0000000008002ce6       0x76
 .text.button_timer_polling
                0x0000000008002ce6       0x76 build_Runner-game/button.o
                0x0000000008002ce6                button_timer_polling

.text.BUZZER_Init
                0x0000000008002d5c       0xc0
 .text.BUZZER_Init
                0x0000000008002d5c       0xc0 build_Runner-game/buzzer.o
                0x0000000008002d5c                BUZZER_Init

.text.BUZZER_Disable
                0x0000000008002e1c       0x38
 .text.BUZZER_Disable
                0x0000000008002e1c       0x38 build_Runner-game/buzzer.o
                0x0000000008002e1c                BUZZER_Disable

.text.BUZZER_Enable
                0x0000000008002e54       0x70
 .text.BUZZER_Enable
                0x0000000008002e54       0x70 build_Runner-game/buzzer.o
                0x0000000008002e54                BUZZER_Enable

.text.nrf24_flush
                0x0000000008002ec4       0x58
 .text.nrf24_flush
                0x0000000008002ec4       0x58 build_Runner-game/nrf24l01.o
                0x0000000008002ec4                nrf24_flush

.text.nrf24_read
                0x0000000008002f1c       0x50
 .text.nrf24_read
                0x0000000008002f1c       0x50 build_Runner-game/nrf24l01.o
                0x0000000008002f1c                nrf24_read

.text.nrf24_write
                0x0000000008002f6c       0x40
 .text.nrf24_write
                0x0000000008002f6c       0x40 build_Runner-game/nrf24l01.o
                0x0000000008002f6c                nrf24_write

.text.nrf24_dynamic_ack.part.0
                0x0000000008002fac       0x30
 .text.nrf24_dynamic_ack.part.0
                0x0000000008002fac       0x30 build_Runner-game/nrf24l01.o

.text.nrf24_receive
                0x0000000008002fdc       0xbc
 .text.nrf24_receive
                0x0000000008002fdc       0xbc build_Runner-game/nrf24l01.o
                0x0000000008002fdc                nrf24_receive

.text.nrf24_automatic_retransmit_setup
                0x0000000008003098       0x50
 .text.nrf24_automatic_retransmit_setup
                0x0000000008003098       0x50 build_Runner-game/nrf24l01.o
                0x0000000008003098                nrf24_automatic_retransmit_setup

.text.nrf24_auto_acknowledgment_setup
                0x00000000080030e8       0x20
 .text.nrf24_auto_acknowledgment_setup
                0x00000000080030e8       0x20 build_Runner-game/nrf24l01.o
                0x00000000080030e8                nrf24_auto_acknowledgment_setup

.text.nrf24_dynamic_payload
                0x0000000008003108       0x80
 .text.nrf24_dynamic_payload
                0x0000000008003108       0x80 build_Runner-game/nrf24l01.o
                0x0000000008003108                nrf24_dynamic_payload

.text.nrf24_prx_static_payload_width
                0x0000000008003188       0x34
 .text.nrf24_prx_static_payload_width
                0x0000000008003188       0x34 build_Runner-game/nrf24l01.o
                0x0000000008003188                nrf24_prx_static_payload_width

.text.nrf24_datapipe_enable
                0x00000000080031bc       0x18
 .text.nrf24_datapipe_enable
                0x00000000080031bc       0x18 build_Runner-game/nrf24l01.o
                0x00000000080031bc                nrf24_datapipe_enable

.text.nrf24_address_width
                0x00000000080031d4       0x30
 .text.nrf24_address_width
                0x00000000080031d4       0x30 build_Runner-game/nrf24l01.o
                0x00000000080031d4                nrf24_address_width

.text.nrf24_rf_datarate
                0x0000000008003204       0x3c
 .text.nrf24_rf_datarate
                0x0000000008003204       0x3c build_Runner-game/nrf24l01.o
                0x0000000008003204                nrf24_rf_datarate

.text.nrf24_rf_power
                0x0000000008003240       0x50
 .text.nrf24_rf_power
                0x0000000008003240       0x50 build_Runner-game/nrf24l01.o
                0x0000000008003240                nrf24_rf_power

.text.nrf24_interrupt_mask
                0x0000000008003290       0x5c
 .text.nrf24_interrupt_mask
                0x0000000008003290       0x5c build_Runner-game/nrf24l01.o
                0x0000000008003290                nrf24_interrupt_mask

.text.nrf24_clear_interrupt_mask
                0x00000000080032ec       0x30
 .text.nrf24_clear_interrupt_mask
                0x00000000080032ec       0x30 build_Runner-game/nrf24l01.o
                0x00000000080032ec                nrf24_clear_interrupt_mask

.text.nrf24_crc_configuration
                0x000000000800331c       0x4c
 .text.nrf24_crc_configuration
                0x000000000800331c       0x4c build_Runner-game/nrf24l01.o
                0x000000000800331c                nrf24_crc_configuration

.text.nrf24_mode
                0x0000000008003368       0x80
 .text.nrf24_mode
                0x0000000008003368       0x80 build_Runner-game/nrf24l01.o
                0x0000000008003368                nrf24_mode

.text.nrf24_reset
                0x00000000080033e8      0x138
 .text.nrf24_reset
                0x00000000080033e8      0x138 build_Runner-game/nrf24l01.o
                0x00000000080033e8                nrf24_reset

.text.nrf24_device
                0x0000000008003520       0x90
 .text.nrf24_device
                0x0000000008003520       0x90 build_Runner-game/nrf24l01.o
                0x0000000008003520                nrf24_device

.text.delay_function
                0x00000000080035b0        0x4
 .text.delay_function
                0x00000000080035b0        0x4 build_Runner-game/nrf24l01_low_level.o
                0x00000000080035b0                delay_function

.text.SPI_Initializer
                0x00000000080035b4        0x4
 .text.SPI_Initializer
                0x00000000080035b4        0x4 build_Runner-game/nrf24l01_low_level.o
                0x00000000080035b4                SPI_Initializer

.text.pinout_Initializer
                0x00000000080035b8        0x4
 .text.pinout_Initializer
                0x00000000080035b8        0x4 build_Runner-game/nrf24l01_low_level.o
                0x00000000080035b8                pinout_Initializer

.text.nrf24_SPI
                0x00000000080035bc        0xa
 .text.nrf24_SPI
                0x00000000080035bc        0xa build_Runner-game/nrf24l01_low_level.o
                0x00000000080035bc                nrf24_SPI

.text.SPI_send_command
                0x00000000080035c8       0x38
 .text.SPI_send_command
                0x00000000080035c8       0x38 build_Runner-game/nrf24l01_low_level.o
                0x00000000080035c8                SPI_send_command

.text.nrf24_CE  0x0000000008003600        0xa
 .text.nrf24_CE
                0x0000000008003600        0xa build_Runner-game/nrf24l01_low_level.o
                0x0000000008003600                nrf24_CE

.text.os_cpu_systick_init_freq
                0x000000000800360c       0x48
 .text.os_cpu_systick_init_freq
                0x000000000800360c       0x48 build_Runner-game/os_cpu.o
                0x000000000800360c                os_cpu_systick_init_freq

.text.SVC_Handler
                0x0000000008003654       0x20
 .text.SVC_Handler
                0x0000000008003654       0x20 build_Runner-game/os_cpu.o
                0x0000000008003654                SVC_Handler

.text.PendSV_Handler
                0x0000000008003674       0x38
 .text.PendSV_Handler
                0x0000000008003674       0x38 build_Runner-game/os_cpu.o
                0x0000000008003674                PendSV_Handler

.text.SysTick_Handler
                0x00000000080036ac       0x1c
 .text.SysTick_Handler
                0x00000000080036ac       0x1c build_Runner-game/os_cpu.o
                0x00000000080036ac                SysTick_Handler

.text.assert_log
                0x00000000080036c8       0x10
 .text.assert_log
                0x00000000080036c8       0x10 build_Runner-game/os_kernel.o
                0x00000000080036c8                assert_log

.text.os_critical_enter
                0x00000000080036d8       0x10
 .text.os_critical_enter
                0x00000000080036d8       0x10 build_Runner-game/os_kernel.o
                0x00000000080036d8                os_critical_enter

.text.os_critical_exit
                0x00000000080036e8       0x28
 .text.os_critical_exit
                0x00000000080036e8       0x28 build_Runner-game/os_kernel.o
                0x00000000080036e8                os_critical_exit

.text.os_init   0x0000000008003710        0xe
 .text.os_init  0x0000000008003710        0xe build_Runner-game/os_kernel.o
                0x0000000008003710                os_init

.text.os_run    0x0000000008003720       0x44
 .text.os_run   0x0000000008003720       0x44 build_Runner-game/os_kernel.o
                0x0000000008003720                os_run

.text.os_list_init
                0x0000000008003764       0x12
 .text.os_list_init
                0x0000000008003764       0x12 build_Runner-game/os_list.o
                0x0000000008003764                os_list_init

.text.os_list_item_init
                0x0000000008003776        0x6
 .text.os_list_item_init
                0x0000000008003776        0x6 build_Runner-game/os_list.o
                0x0000000008003776                os_list_item_init

.text.os_list_insert_end
                0x000000000800377c       0x26
 .text.os_list_insert_end
                0x000000000800377c       0x26 build_Runner-game/os_list.o
                0x000000000800377c                os_list_insert_end

.text.os_list_insert
                0x00000000080037a2       0x3a
 .text.os_list_insert
                0x00000000080037a2       0x3a build_Runner-game/os_list.o
                0x00000000080037a2                os_list_insert

.text.os_list_remove
                0x00000000080037dc       0x20
 .text.os_list_remove
                0x00000000080037dc       0x20 build_Runner-game/os_list.o
                0x00000000080037dc                os_list_remove

.text.list_get_owner_of_next_item
                0x00000000080037fc       0x18
 .text.list_get_owner_of_next_item
                0x00000000080037fc       0x18 build_Runner-game/os_list.o
                0x00000000080037fc                list_get_owner_of_next_item

.text.os_mem_malloc
                0x0000000008003814       0x2c
 .text.os_mem_malloc
                0x0000000008003814       0x2c build_Runner-game/os_mem.o
                0x0000000008003814                os_mem_malloc

.text.os_mem_free
                0x0000000008003840        0x4
 .text.os_mem_free
                0x0000000008003840        0x4 build_Runner-game/os_mem.o
                0x0000000008003840                os_mem_free

.text.msg_pool_init
                0x0000000008003844       0x50
 .text.msg_pool_init
                0x0000000008003844       0x50 build_Runner-game/os_msg.o
                0x0000000008003844                msg_pool_init

.text.os_msg_free
                0x0000000008003894       0x34
 .text.os_msg_free
                0x0000000008003894       0x34 build_Runner-game/os_msg.o
                0x0000000008003894                os_msg_free

.text.os_msg_queue_init
                0x00000000080038c8        0xc
 .text.os_msg_queue_init
                0x00000000080038c8        0xc build_Runner-game/os_msg.o
                0x00000000080038c8                os_msg_queue_init

.text.os_msg_queue_put_pure
                0x00000000080038d4       0x6c
 .text.os_msg_queue_put_pure
                0x00000000080038d4       0x6c build_Runner-game/os_msg.o
                0x00000000080038d4                os_msg_queue_put_pure

.text.os_msg_queue_get
                0x0000000008003940       0x26
 .text.os_msg_queue_get
                0x0000000008003940       0x26 build_Runner-game/os_msg.o
                0x0000000008003940                os_msg_queue_get

.text.os_prio_insert
                0x0000000008003968       0x20
 .text.os_prio_insert
                0x0000000008003968       0x20 build_Runner-game/os_prio.o
                0x0000000008003968                os_prio_insert

.text.os_prio_init
                0x0000000008003988       0x14
 .text.os_prio_init
                0x0000000008003988       0x14 build_Runner-game/os_prio.o
                0x0000000008003988                os_prio_init

.text.os_prio_remove
                0x000000000800399c       0x20
 .text.os_prio_remove
                0x000000000800399c       0x20 build_Runner-game/os_prio.o
                0x000000000800399c                os_prio_remove

.text.os_prio_get_highest
                0x00000000080039bc       0x2c
 .text.os_prio_get_highest
                0x00000000080039bc       0x2c build_Runner-game/os_prio.o
                0x00000000080039bc                os_prio_get_highest

.text.task_idle_func
                0x00000000080039e8        0x2
 .text.task_idle_func
                0x00000000080039e8        0x2 build_Runner-game/os_task.o

.text.add_task_to_rdy_list
                0x00000000080039ec       0x34
 .text.add_task_to_rdy_list
                0x00000000080039ec       0x34 build_Runner-game/os_task.o

.text.os_task_create
                0x0000000008003a20      0x1ac
 .text.os_task_create
                0x0000000008003a20      0x1ac build_Runner-game/os_task.o

.text.add_curr_task_to_delay_list
                0x0000000008003bcc       0xac
 .text.add_curr_task_to_delay_list
                0x0000000008003bcc       0xac build_Runner-game/os_task.o

.text.os_task_get_tick
                0x0000000008003c78        0xc
 .text.os_task_get_tick
                0x0000000008003c78        0xc build_Runner-game/os_task.o
                0x0000000008003c78                os_task_get_tick

.text.os_task_create_list
                0x0000000008003c84       0x5c
 .text.os_task_create_list
                0x0000000008003c84       0x5c build_Runner-game/os_task.o
                0x0000000008003c84                os_task_create_list

.text.os_task_increment_tick
                0x0000000008003ce0       0xe0
 .text.os_task_increment_tick
                0x0000000008003ce0       0xe0 build_Runner-game/os_task.o
                0x0000000008003ce0                os_task_increment_tick

.text.os_task_delay
                0x0000000008003dc0       0x28
 .text.os_task_delay
                0x0000000008003dc0       0x28 build_Runner-game/os_task.o
                0x0000000008003dc0                os_task_delay

.text.os_task_start
                0x0000000008003de8       0x4c
 .text.os_task_start
                0x0000000008003de8       0x4c build_Runner-game/os_task.o
                0x0000000008003de8                os_task_start

.text.os_task_post_msg_pure
                0x0000000008003e34       0xb0
 .text.os_task_post_msg_pure
                0x0000000008003e34       0xb0 build_Runner-game/os_task.o
                0x0000000008003e34                os_task_post_msg_pure

.text.os_task_wait_for_msg
                0x0000000008003ee4       0x64
 .text.os_task_wait_for_msg
                0x0000000008003ee4       0x64 build_Runner-game/os_task.o
                0x0000000008003ee4                os_task_wait_for_msg

.text._ZN12Adafruit_GFX8drawLineEsssst
                0x0000000008003f48       0xbe
 .text._ZN12Adafruit_GFX8drawLineEsssst
                0x0000000008003f48       0xbe build_Runner-game/Adafruit_GFX.o
                0x0000000008003f48                Adafruit_GFX::drawLine(short, short, short, short, unsigned short)

.text._ZN12Adafruit_GFX8drawRectEsssst
                0x0000000008004006       0x68
 .text._ZN12Adafruit_GFX8drawRectEsssst
                0x0000000008004006       0x68 build_Runner-game/Adafruit_GFX.o
                0x0000000008004006                Adafruit_GFX::drawRect(short, short, short, short, unsigned short)

.text._ZN12Adafruit_GFX13drawFastVLineEssst
                0x000000000800406e       0x1c
 .text._ZN12Adafruit_GFX13drawFastVLineEssst
                0x000000000800406e       0x1c build_Runner-game/Adafruit_GFX.o
                0x000000000800406e                Adafruit_GFX::drawFastVLine(short, short, short, unsigned short)

.text._ZN12Adafruit_GFX13drawFastHLineEssst
                0x000000000800408a       0x1a
 .text._ZN12Adafruit_GFX13drawFastHLineEssst
                0x000000000800408a       0x1a build_Runner-game/Adafruit_GFX.o
                0x000000000800408a                Adafruit_GFX::drawFastHLine(short, short, short, unsigned short)

.text._ZN12Adafruit_GFX8fillRectEsssst
                0x00000000080040a4       0x38
 .text._ZN12Adafruit_GFX8fillRectEsssst
                0x00000000080040a4       0x38 build_Runner-game/Adafruit_GFX.o
                0x00000000080040a4                Adafruit_GFX::fillRect(short, short, short, short, unsigned short)

.text._ZN12Adafruit_GFX10fillScreenEt
                0x00000000080040dc       0x1c
 .text._ZN12Adafruit_GFX10fillScreenEt
                0x00000000080040dc       0x1c build_Runner-game/Adafruit_GFX.o
                0x00000000080040dc                Adafruit_GFX::fillScreen(unsigned short)

.text._ZN12Adafruit_GFXC2Ess
                0x00000000080040f8       0x24
 .text._ZN12Adafruit_GFXC2Ess
                0x00000000080040f8       0x24 build_Runner-game/Adafruit_GFX.o
                0x00000000080040f8                Adafruit_GFX::Adafruit_GFX(short, short)
                0x00000000080040f8                Adafruit_GFX::Adafruit_GFX(short, short)

.text._ZN12Adafruit_GFX10drawCircleEssst
                0x000000000800411c      0x172
 .text._ZN12Adafruit_GFX10drawCircleEssst
                0x000000000800411c      0x172 build_Runner-game/Adafruit_GFX.o
                0x000000000800411c                Adafruit_GFX::drawCircle(short, short, short, unsigned short)

.text._ZN12Adafruit_GFX16drawCircleHelperEsssht
                0x000000000800428e      0x17a
 .text._ZN12Adafruit_GFX16drawCircleHelperEsssht
                0x000000000800428e      0x17a build_Runner-game/Adafruit_GFX.o
                0x000000000800428e                Adafruit_GFX::drawCircleHelper(short, short, short, unsigned char, unsigned short)

.text._ZN12Adafruit_GFX16fillCircleHelperEssshst
                0x0000000008004408      0x124
 .text._ZN12Adafruit_GFX16fillCircleHelperEssshst
                0x0000000008004408      0x124 build_Runner-game/Adafruit_GFX.o
                0x0000000008004408                Adafruit_GFX::fillCircleHelper(short, short, short, unsigned char, short, unsigned short)

.text._ZN12Adafruit_GFX13drawRoundRectEssssst
                0x000000000800452c      0x10e
 .text._ZN12Adafruit_GFX13drawRoundRectEssssst
                0x000000000800452c      0x10e build_Runner-game/Adafruit_GFX.o
                0x000000000800452c                Adafruit_GFX::drawRoundRect(short, short, short, short, short, unsigned short)

.text._ZN12Adafruit_GFX13fillRoundRectEssssst
                0x000000000800463a       0x88
 .text._ZN12Adafruit_GFX13fillRoundRectEssssst
                0x000000000800463a       0x88 build_Runner-game/Adafruit_GFX.o
                0x000000000800463a                Adafruit_GFX::fillRoundRect(short, short, short, short, short, unsigned short)

.text._ZN12Adafruit_GFX10drawBitmapEssPKhsst
                0x00000000080046c2       0x92
 .text._ZN12Adafruit_GFX10drawBitmapEssPKhsst
                0x00000000080046c2       0x92 build_Runner-game/Adafruit_GFX.o
                0x00000000080046c2                Adafruit_GFX::drawBitmap(short, short, unsigned char const*, short, short, unsigned short)

.text._ZN12Adafruit_GFX8drawCharEsshtth
                0x0000000008004754      0x108
 .text._ZN12Adafruit_GFX8drawCharEsshtth
                0x0000000008004754      0x108 build_Runner-game/Adafruit_GFX.o
                0x0000000008004754                Adafruit_GFX::drawChar(short, short, unsigned char, unsigned short, unsigned short, unsigned char)

.text._ZN12Adafruit_GFX5writeEh
                0x000000000800485c       0x64
 .text._ZN12Adafruit_GFX5writeEh
                0x000000000800485c       0x64 build_Runner-game/Adafruit_GFX.o
                0x000000000800485c                Adafruit_GFX::write(unsigned char)

.text._ZN12Adafruit_GFX5printEPc
                0x00000000080048c0       0x20
 .text._ZN12Adafruit_GFX5printEPc
                0x00000000080048c0       0x20 build_Runner-game/Adafruit_GFX.o
                0x00000000080048c0                Adafruit_GFX::print(char*)

.text._ZN12Adafruit_GFX9setCursorEss
                0x00000000080048e0        0x6
 .text._ZN12Adafruit_GFX9setCursorEss
                0x00000000080048e0        0x6 build_Runner-game/Adafruit_GFX.o
                0x00000000080048e0                Adafruit_GFX::setCursor(short, short)

.text._ZN12Adafruit_GFX12setTextColorEt
                0x00000000080048e6        0x6
 .text._ZN12Adafruit_GFX12setTextColorEt
                0x00000000080048e6        0x6 build_Runner-game/Adafruit_GFX.o
                0x00000000080048e6                Adafruit_GFX::setTextColor(unsigned short)

.text._ZN19Adafruit_ssd1306syp9drawPixelEsst
                0x00000000080048ec       0x34
 .text._ZN19Adafruit_ssd1306syp9drawPixelEsst
                0x00000000080048ec       0x34 build_Runner-game/Adafruit_ssd1306syp.o
                0x00000000080048ec                Adafruit_ssd1306syp::drawPixel(short, short, unsigned short)

.text._ZN19Adafruit_ssd1306syp9updateRowEii
                0x0000000008004920       0x1e
 .text._ZN19Adafruit_ssd1306syp9updateRowEii
                0x0000000008004920       0x1e build_Runner-game/Adafruit_ssd1306syp.o
                0x0000000008004920                Adafruit_ssd1306syp::updateRow(int, int)

.text._ZN19Adafruit_ssd1306sypC2Ev
                0x0000000008004940       0x18
 .text._ZN19Adafruit_ssd1306sypC2Ev
                0x0000000008004940       0x18 build_Runner-game/Adafruit_ssd1306syp.o
                0x0000000008004940                Adafruit_ssd1306syp::Adafruit_ssd1306syp()
                0x0000000008004940                Adafruit_ssd1306syp::Adafruit_ssd1306syp()

.text._ZN19Adafruit_ssd1306sypD2Ev
                0x0000000008004958        0x2
 .text._ZN19Adafruit_ssd1306sypD2Ev
                0x0000000008004958        0x2 build_Runner-game/Adafruit_ssd1306syp.o
                0x0000000008004958                Adafruit_ssd1306syp::~Adafruit_ssd1306syp()
                0x0000000008004958                Adafruit_ssd1306syp::~Adafruit_ssd1306syp()

.text._ZN19Adafruit_ssd1306syp5clearEb
                0x000000000800495a       0x22
 .text._ZN19Adafruit_ssd1306syp5clearEb
                0x000000000800495a       0x22 build_Runner-game/Adafruit_ssd1306syp.o
                0x000000000800495a                Adafruit_ssd1306syp::clear(bool)

.text._ZN19Adafruit_ssd1306syp9writeByteEh
                0x000000000800497c       0x60
 .text._ZN19Adafruit_ssd1306syp9writeByteEh
                0x000000000800497c       0x60 build_Runner-game/Adafruit_ssd1306syp.o
                0x000000000800497c                Adafruit_ssd1306syp::writeByte(unsigned char)

.text._ZN19Adafruit_ssd1306syp8startIICEv
                0x00000000080049dc       0x38
 .text._ZN19Adafruit_ssd1306syp8startIICEv
                0x00000000080049dc       0x38 build_Runner-game/Adafruit_ssd1306syp.o
                0x00000000080049dc                Adafruit_ssd1306syp::startIIC()

.text._ZN19Adafruit_ssd1306syp7stopIICEv
                0x0000000008004a14       0x38
 .text._ZN19Adafruit_ssd1306syp7stopIICEv
                0x0000000008004a14       0x38 build_Runner-game/Adafruit_ssd1306syp.o
                0x0000000008004a14                Adafruit_ssd1306syp::stopIIC()

.text._ZN19Adafruit_ssd1306syp12writeCommandEh
                0x0000000008004a4c       0x2c
 .text._ZN19Adafruit_ssd1306syp12writeCommandEh
                0x0000000008004a4c       0x2c build_Runner-game/Adafruit_ssd1306syp.o
                0x0000000008004a4c                Adafruit_ssd1306syp::writeCommand(unsigned char)

.text._ZN19Adafruit_ssd1306syp10initializeEv
                0x0000000008004a78       0xfc
 .text._ZN19Adafruit_ssd1306syp10initializeEv
                0x0000000008004a78       0xfc build_Runner-game/Adafruit_ssd1306syp.o
                0x0000000008004a78                Adafruit_ssd1306syp::initialize()

.text._ZN19Adafruit_ssd1306syp17startDataSequenceEv
                0x0000000008004b74       0x1c
 .text._ZN19Adafruit_ssd1306syp17startDataSequenceEv
                0x0000000008004b74       0x1c build_Runner-game/Adafruit_ssd1306syp.o
                0x0000000008004b74                Adafruit_ssd1306syp::startDataSequence()

.text._ZN19Adafruit_ssd1306syp6updateEv
                0x0000000008004b90       0x70
 .text._ZN19Adafruit_ssd1306syp6updateEv
                0x0000000008004b90       0x70 build_Runner-game/Adafruit_ssd1306syp.o
                0x0000000008004b90                Adafruit_ssd1306syp::update()

.text._ZN19Adafruit_ssd1306syp9updateRowEi
                0x0000000008004c00       0x6c
 .text._ZN19Adafruit_ssd1306syp9updateRowEi
                0x0000000008004c00       0x6c build_Runner-game/Adafruit_ssd1306syp.o
                0x0000000008004c00                Adafruit_ssd1306syp::updateRow(int)

.text.eeprom_read
                0x0000000008004c6c        0x4
 .text.eeprom_read
                0x0000000008004c6c        0x4 build_Runner-game/eeprom.o
                0x0000000008004c6c                eeprom_read

.text.eeprom_write
                0x0000000008004c70        0x4
 .text.eeprom_write
                0x0000000008004c70        0x4 build_Runner-game/eeprom.o
                0x0000000008004c70                eeprom_write

.text._Z8get_tickv
                0x0000000008004c74        0x4
 .text._Z8get_tickv
                0x0000000008004c74        0x4 build_Runner-game/gui_port.o
                0x0000000008004c74                get_tick()

.text._Z13display_clearv
                0x0000000008004c78        0xc
 .text._Z13display_clearv
                0x0000000008004c78        0xc build_Runner-game/gui_port.o
                0x0000000008004c78                display_clear()

.text._Z19display_draw_bitmapssPKhsst
                0x0000000008004c84       0x24
 .text._Z19display_draw_bitmapssPKhsst
                0x0000000008004c84       0x24 build_Runner-game/gui_port.o
                0x0000000008004c84                display_draw_bitmap(short, short, unsigned char const*, short, short, unsigned short)

.text._Z18display_set_cursorss
                0x0000000008004ca8       0x10
 .text._Z18display_set_cursorss
                0x0000000008004ca8       0x10 build_Runner-game/gui_port.o
                0x0000000008004ca8                display_set_cursor(short, short)

.text._Z22display_set_text_colort
                0x0000000008004cb8        0xc
 .text._Z22display_set_text_colort
                0x0000000008004cb8        0xc build_Runner-game/gui_port.o
                0x0000000008004cb8                display_set_text_color(unsigned short)

.text._Z13display_printPc
                0x0000000008004cc4        0xc
 .text._Z13display_printPc
                0x0000000008004cc4        0xc build_Runner-game/gui_port.o
                0x0000000008004cc4                display_print(char*)

.text._Z23display_draw_round_rectssssst
                0x0000000008004cd0       0x24
 .text._Z23display_draw_round_rectssssst
                0x0000000008004cd0       0x24 build_Runner-game/gui_port.o
                0x0000000008004cd0                display_draw_round_rect(short, short, short, short, short, unsigned short)

.text._Z23display_fill_round_rectssssst
                0x0000000008004cf4       0x24
 .text._Z23display_fill_round_rectssssst
                0x0000000008004cf4       0x24 build_Runner-game/gui_port.o
                0x0000000008004cf4                display_fill_round_rect(short, short, short, short, short, unsigned short)

.text._Z19display_draw_circlessst
                0x0000000008004d18       0x1c
 .text._Z19display_draw_circlessst
                0x0000000008004d18       0x1c build_Runner-game/gui_port.o
                0x0000000008004d18                display_draw_circle(short, short, short, unsigned short)

.text._Z19display_fill_circlessst
                0x0000000008004d34        0x2
 .text._Z19display_fill_circlessst
                0x0000000008004d34        0x2 build_Runner-game/gui_port.o
                0x0000000008004d34                display_fill_circle(short, short, short, unsigned short)

.text._Z26display_draw_circle_helpersssht
                0x0000000008004d36        0x2
 .text._Z26display_draw_circle_helpersssht
                0x0000000008004d36        0x2 build_Runner-game/gui_port.o
                0x0000000008004d36                display_draw_circle_helper(short, short, short, unsigned char, unsigned short)

.text._Z26display_fill_circle_helperssshst
                0x0000000008004d38        0x2
 .text._Z26display_fill_circle_helperssshst
                0x0000000008004d38        0x2 build_Runner-game/gui_port.o
                0x0000000008004d38                display_fill_circle_helper(short, short, short, unsigned char, short, unsigned short)

.text._Z21display_draw_trianglesssssst
                0x0000000008004d3a        0x2
 .text._Z21display_draw_trianglesssssst
                0x0000000008004d3a        0x2 build_Runner-game/gui_port.o
                0x0000000008004d3a                display_draw_triangle(short, short, short, short, short, short, unsigned short)

.text._Z21display_fill_trianglesssssst
                0x0000000008004d3c        0x2
 .text._Z21display_fill_trianglesssssst
                0x0000000008004d3c        0x2 build_Runner-game/gui_port.o
                0x0000000008004d3c                display_fill_triangle(short, short, short, short, short, short, unsigned short)

.text.startup._GLOBAL__sub_I_view_render
                0x0000000008004d40        0xc
 .text.startup._GLOBAL__sub_I_view_render
                0x0000000008004d40        0xc build_Runner-game/gui_port.o

.text.exit._GLOBAL__sub_D_view_render
                0x0000000008004d4c        0xc
 .text.exit._GLOBAL__sub_D_view_render
                0x0000000008004d4c        0xc build_Runner-game/gui_port.o

.text._Z12display_initv
                0x0000000008004d58        0xc
 .text._Z12display_initv
                0x0000000008004d58        0xc build_Runner-game/gui_port.o
                0x0000000008004d58                display_init()

.text._Z14display_updatev
                0x0000000008004d64        0xc
 .text._Z14display_updatev
                0x0000000008004d64        0xc build_Runner-game/gui_port.o
                0x0000000008004d64                display_update()

.text._Z18display_draw_pixelsst
                0x0000000008004d70       0x10
 .text._Z18display_draw_pixelsst
                0x0000000008004d70       0x10 build_Runner-game/gui_port.o
                0x0000000008004d70                display_draw_pixel(short, short, unsigned short)

.text._Z17display_draw_linesssst
                0x0000000008004d80       0x20
 .text._Z17display_draw_linesssst
                0x0000000008004d80       0x20 build_Runner-game/gui_port.o
                0x0000000008004d80                display_draw_line(short, short, short, short, unsigned short)

.text._Z17display_draw_rectsssst
                0x0000000008004da0       0x20
 .text._Z17display_draw_rectsssst
                0x0000000008004da0       0x20 build_Runner-game/gui_port.o
                0x0000000008004da0                display_draw_rect(short, short, short, short, unsigned short)

.text._Z17display_fill_rectsssst
                0x0000000008004dc0       0x20
 .text._Z17display_fill_rectsssst
                0x0000000008004dc0       0x20 build_Runner-game/gui_port.o
                0x0000000008004dc0                display_fill_rect(short, short, short, short, unsigned short)

.text.oled_getTimestamp
                0x0000000008004de0        0xa
 .text.oled_getTimestamp
                0x0000000008004de0        0xa build_Runner-game/oled_gui.o
                0x0000000008004de0                oled_getTimestamp

.text.oled_tickElaps
                0x0000000008004dea       0x12
 .text.oled_tickElaps
                0x0000000008004dea       0x12 build_Runner-game/oled_gui.o
                0x0000000008004dea                oled_tickElaps

.text.gui_init  0x0000000008004dfc       0x2c
 .text.gui_init
                0x0000000008004dfc       0x2c build_Runner-game/oled_gui.o
                0x0000000008004dfc                gui_init

.text.gui_run   0x0000000008004e28        0xe
 .text.gui_run  0x0000000008004e28        0xe build_Runner-game/oled_gui.o
                0x0000000008004e28                gui_run

.text._ZN8oled_obj7setFadeEa
                0x0000000008004e36       0x16
 .text._ZN8oled_obj7setFadeEa
                0x0000000008004e36       0x16 build_Runner-game/oled_obj.o
                0x0000000008004e36                oled_obj::setFade(signed char)

.text._ZN8oled_obj4setXEs
                0x0000000008004e4c        0x4
 .text._ZN8oled_obj4setXEs
                0x0000000008004e4c        0x4 build_Runner-game/oled_obj.o
                0x0000000008004e4c                oled_obj::setX(short)

.text._ZN8oled_obj4setYEs
                0x0000000008004e50        0x4
 .text._ZN8oled_obj4setYEs
                0x0000000008004e50        0x4 build_Runner-game/oled_obj.o
                0x0000000008004e50                oled_obj::setY(short)

.text._ZN8oled_objD2Ev
                0x0000000008004e54        0x2
 .text._ZN8oled_objD2Ev
                0x0000000008004e54        0x2 build_Runner-game/oled_obj.o
                0x0000000008004e54                oled_obj::~oled_obj()
                0x0000000008004e54                oled_obj::~oled_obj()

.text._ZN8oled_obj6deinitEv
                0x0000000008004e56        0x2
 .text._ZN8oled_obj6deinitEv
                0x0000000008004e56        0x2 build_Runner-game/oled_obj.o
                0x0000000008004e56                oled_obj::draw()
                0x0000000008004e56                oled_obj::deinit()

.text._ZN8oled_objD0Ev
                0x0000000008004e58        0xc
 .text._ZN8oled_objD0Ev
                0x0000000008004e58        0xc build_Runner-game/oled_obj.o
                0x0000000008004e58                oled_obj::~oled_obj()

.text._ZN8oled_objC2Ev
                0x0000000008004e64       0x1c
 .text._ZN8oled_objC2Ev
                0x0000000008004e64       0x1c build_Runner-game/oled_obj.o
                0x0000000008004e64                oled_obj::oled_obj()
                0x0000000008004e64                oled_obj::oled_obj()

.text._ZN8oled_obj8drawFadeEv
                0x0000000008004e80      0x278
 .text._ZN8oled_obj8drawFadeEv
                0x0000000008004e80      0x278 build_Runner-game/oled_obj.o
                0x0000000008004e80                oled_obj::drawFade()

.text._ZN8oled_obj9setAllignE8allign_t
                0x00000000080050f8       0x8a
 .text._ZN8oled_obj9setAllignE8allign_t
                0x00000000080050f8       0x8a build_Runner-game/oled_obj.o
                0x00000000080050f8                oled_obj::setAllign(allign_t)

.text._ZN8oled_obj13oled_obj_initEv
                0x0000000008005184       0x1c
 .text._ZN8oled_obj13oled_obj_initEv
                0x0000000008005184       0x1c build_Runner-game/oled_obj.o
                0x0000000008005184                oled_obj::oled_obj_init()

.text._ZN8oled_obj12oled_obj_addEPS_
                0x00000000080051a0       0x58
 .text._ZN8oled_obj12oled_obj_addEPS_
                0x00000000080051a0       0x58 build_Runner-game/oled_obj.o
                0x00000000080051a0                oled_obj::oled_obj_add(oled_obj*)

.text._ZN8oled_obj15oled_obj_deleteEPS_
                0x00000000080051f8       0x48
 .text._ZN8oled_obj15oled_obj_deleteEPS_
                0x00000000080051f8       0x48 build_Runner-game/oled_obj.o
                0x00000000080051f8                oled_obj::oled_obj_delete(oled_obj*)

.text._ZN8oled_obj13oled_obj_drawEv
                0x0000000008005240       0x50
 .text._ZN8oled_obj13oled_obj_drawEv
                0x0000000008005240       0x50 build_Runner-game/oled_obj.o
                0x0000000008005240                oled_obj::oled_obj_draw()

.text._ZN9oled_animD2Ev
                0x0000000008005290        0x2
 .text._ZN9oled_animD2Ev
                0x0000000008005290        0x2 build_Runner-game/oled_anim.o
                0x0000000008005290                oled_anim::~oled_anim()
                0x0000000008005290                oled_anim::~oled_anim()

.text._ZN9oled_animC2Ev
                0x0000000008005292       0x1c
 .text._ZN9oled_animC2Ev
                0x0000000008005292       0x1c build_Runner-game/oled_anim.o
                0x0000000008005292                oled_anim::oled_anim()
                0x0000000008005292                oled_anim::oled_anim()

.text._ZN9oled_anim14oled_anim_initEv
                0x00000000080052b0       0x1c
 .text._ZN9oled_anim14oled_anim_initEv
                0x00000000080052b0       0x1c build_Runner-game/oled_anim.o
                0x00000000080052b0                oled_anim::oled_anim_init()

.text._ZN9oled_anim13oled_anim_addEPS_
                0x00000000080052cc       0x44
 .text._ZN9oled_anim13oled_anim_addEPS_
                0x00000000080052cc       0x44 build_Runner-game/oled_anim.o
                0x00000000080052cc                oled_anim::oled_anim_add(oled_anim*)

.text._ZN9oled_anim4initEP8oled_objsst
                0x0000000008005310       0x36
 .text._ZN9oled_anim4initEP8oled_objsst
                0x0000000008005310       0x36 build_Runner-game/oled_anim.o
                0x0000000008005310                oled_anim::init(oled_obj*, short, short, unsigned short)

.text._ZN9oled_anim4initEP8oled_obj9fade_typet
                0x0000000008005346       0x2a
 .text._ZN9oled_anim4initEP8oled_obj9fade_typet
                0x0000000008005346       0x2a build_Runner-game/oled_anim.o
                0x0000000008005346                oled_anim::init(oled_obj*, fade_type, unsigned short)

.text._ZN9oled_anim4initEP8oled_objsssst
                0x0000000008005370       0x48
 .text._ZN9oled_anim4initEP8oled_objsssst
                0x0000000008005370       0x48 build_Runner-game/oled_anim.o
                0x0000000008005370                oled_anim::init(oled_obj*, short, short, short, short, unsigned short)

.text._ZN9oled_anim16oled_anim_deleteEPS_
                0x00000000080053b8       0x48
 .text._ZN9oled_anim16oled_anim_deleteEPS_
                0x00000000080053b8       0x48 build_Runner-game/oled_anim.o
                0x00000000080053b8                oled_anim::oled_anim_delete(oled_anim*)

.text._ZN9oled_anim13oled_anim_runEv
                0x0000000008005400      0x190
 .text._ZN9oled_anim13oled_anim_runEv
                0x0000000008005400      0x190 build_Runner-game/oled_anim.o
                0x0000000008005400                oled_anim::oled_anim_run()

.text._ZN7obj_bmp4drawEv
                0x0000000008005590       0x24
 .text._ZN7obj_bmp4drawEv
                0x0000000008005590       0x24 build_Runner-game/obj_bmp.o
                0x0000000008005590                obj_bmp::draw()

.text._ZN7obj_bmp6deinitEv
                0x00000000080055b4       0x38
 .text._ZN7obj_bmp6deinitEv
                0x00000000080055b4       0x38 build_Runner-game/obj_bmp.o
                0x00000000080055b4                obj_bmp::deinit()

.text._ZN7obj_bmpD2Ev
                0x00000000080055ec       0x1c
 .text._ZN7obj_bmpD2Ev
                0x00000000080055ec       0x1c build_Runner-game/obj_bmp.o
                0x00000000080055ec                obj_bmp::~obj_bmp()
                0x00000000080055ec                obj_bmp::~obj_bmp()

.text._ZN7obj_bmpD0Ev
                0x0000000008005608       0x12
 .text._ZN7obj_bmpD0Ev
                0x0000000008005608       0x12 build_Runner-game/obj_bmp.o
                0x0000000008005608                obj_bmp::~obj_bmp()

.text._ZN7obj_bmpC2Ev
                0x000000000800561c       0x18
 .text._ZN7obj_bmpC2Ev
                0x000000000800561c       0x18 build_Runner-game/obj_bmp.o
                0x000000000800561c                obj_bmp::obj_bmp()
                0x000000000800561c                obj_bmp::obj_bmp()

.text._ZN7obj_bmp4initEssss
                0x0000000008005634       0x62
 .text._ZN7obj_bmp4initEssss
                0x0000000008005634       0x62 build_Runner-game/obj_bmp.o
                0x0000000008005634                obj_bmp::init(short, short, short, short)

.text._ZN7obj_bmp6setBmpEPKh
                0x0000000008005696        0x4
 .text._ZN7obj_bmp6setBmpEPKh
                0x0000000008005696        0x4 build_Runner-game/obj_bmp.o
                0x0000000008005696                obj_bmp::setBmp(unsigned char const*)

.text._ZL11canvas_initP10obj_canvas
                0x000000000800569a       0x2a
 .text._ZL11canvas_initP10obj_canvas
                0x000000000800569a       0x2a build_Runner-game/obj_canvas.o

.text._ZN10obj_canvas4drawEv
                0x00000000080056c4      0x1ba
 .text._ZN10obj_canvas4drawEv
                0x00000000080056c4      0x1ba build_Runner-game/obj_canvas.o
                0x00000000080056c4                obj_canvas::draw()

.text._ZN10obj_canvas6deinitEv
                0x000000000800587e       0x2a
 .text._ZN10obj_canvas6deinitEv
                0x000000000800587e       0x2a build_Runner-game/obj_canvas.o
                0x000000000800587e                obj_canvas::deinit()

.text._ZN10obj_canvasD2Ev
                0x00000000080058a8       0x1c
 .text._ZN10obj_canvasD2Ev
                0x00000000080058a8       0x1c build_Runner-game/obj_canvas.o
                0x00000000080058a8                obj_canvas::~obj_canvas()
                0x00000000080058a8                obj_canvas::~obj_canvas()

.text._ZN10obj_canvasD0Ev
                0x00000000080058c4       0x12
 .text._ZN10obj_canvasD0Ev
                0x00000000080058c4       0x12 build_Runner-game/obj_canvas.o
                0x00000000080058c4                obj_canvas::~obj_canvas()

.text._ZN10obj_canvasC2Ev
                0x00000000080058d8       0x20
 .text._ZN10obj_canvasC2Ev
                0x00000000080058d8       0x20 build_Runner-game/obj_canvas.o
                0x00000000080058d8                obj_canvas::obj_canvas()
                0x00000000080058d8                obj_canvas::obj_canvas()

.text._ZN10obj_canvas4initEv
                0x00000000080058f8        0x8
 .text._ZN10obj_canvas4initEv
                0x00000000080058f8        0x8 build_Runner-game/obj_canvas.o
                0x00000000080058f8                obj_canvas::init()

.text._ZN10obj_canvas15canvas_drawRectEssss
                0x0000000008005900       0x28
 .text._ZN10obj_canvas15canvas_drawRectEssss
                0x0000000008005900       0x28 build_Runner-game/obj_canvas.o
                0x0000000008005900                obj_canvas::canvas_drawRect(short, short, short, short)

.text._ZN10obj_canvas15canvas_fillRectEssss
                0x0000000008005928       0x28
 .text._ZN10obj_canvas15canvas_fillRectEssss
                0x0000000008005928       0x28 build_Runner-game/obj_canvas.o
                0x0000000008005928                obj_canvas::canvas_fillRect(short, short, short, short)

.text._ZN10obj_canvas20canvas_fillRoundRectEsssss
                0x0000000008005950       0x2e
 .text._ZN10obj_canvas20canvas_fillRoundRectEsssss
                0x0000000008005950       0x2e build_Runner-game/obj_canvas.o
                0x0000000008005950                obj_canvas::canvas_fillRoundRect(short, short, short, short, short)

.text._ZN9obj_group4setXEs
                0x000000000800597e       0x3e
 .text._ZN9obj_group4setXEs
                0x000000000800597e       0x3e build_Runner-game/obj_group.o
                0x000000000800597e                obj_group::setX(short)

.text._ZN9obj_group4setYEs
                0x00000000080059bc       0x3e
 .text._ZN9obj_group4setYEs
                0x00000000080059bc       0x3e build_Runner-game/obj_group.o
                0x00000000080059bc                obj_group::setY(short)

.text._ZN9obj_group7setFadeEa
                0x00000000080059fa       0x56
 .text._ZN9obj_group7setFadeEa
                0x00000000080059fa       0x56 build_Runner-game/obj_group.o
                0x00000000080059fa                obj_group::setFade(signed char)

.text._ZN9obj_groupC2Ev
                0x0000000008005a50       0x40
 .text._ZN9obj_groupC2Ev
                0x0000000008005a50       0x40 build_Runner-game/obj_group.o
                0x0000000008005a50                obj_group::obj_group()
                0x0000000008005a50                obj_group::obj_group()

.text._ZN9obj_group4initEv
                0x0000000008005a90       0x1e
 .text._ZN9obj_group4initEv
                0x0000000008005a90       0x1e build_Runner-game/obj_group.o
                0x0000000008005a90                obj_group::init()

.text._ZN9obj_group12setPosOffsetEss
                0x0000000008005aae       0x54
 .text._ZN9obj_group12setPosOffsetEss
                0x0000000008005aae       0x54 build_Runner-game/obj_group.o
                0x0000000008005aae                obj_group::setPosOffset(short, short)

.text._ZN9obj_group4moveEsstPFvvE
                0x0000000008005b02        0xe
 .text._ZN9obj_group4moveEsstPFvvE
                0x0000000008005b02        0xe build_Runner-game/obj_group.o
                0x0000000008005b02                obj_group::move(short, short, unsigned short, void (*)())

.text._ZN9obj_group6fadingE9fade_typetPFvvE
                0x0000000008005b10        0xc
 .text._ZN9obj_group6fadingE9fade_typetPFvvE
                0x0000000008005b10        0xc build_Runner-game/obj_group.o
                0x0000000008005b10                obj_group::fading(fade_type, unsigned short, void (*)())

.text._ZN9obj_group6addObjEP8oled_objb
                0x0000000008005b1c       0xac
 .text._ZN9obj_group6addObjEP8oled_objb
                0x0000000008005b1c       0xac build_Runner-game/obj_group.o
                0x0000000008005b1c                obj_group::addObj(oled_obj*, bool)

.text._ZN9obj_group8focusObjEh
                0x0000000008005bc8      0x116
 .text._ZN9obj_group8focusObjEh
                0x0000000008005bc8      0x116 build_Runner-game/obj_group.o
                0x0000000008005bc8                obj_group::focusObj(unsigned char)

.text._ZN9obj_group13getFocusIndexEv
                0x0000000008005cde        0x6
 .text._ZN9obj_group13getFocusIndexEv
                0x0000000008005cde        0x6 build_Runner-game/obj_group.o
                0x0000000008005cde                obj_group::getFocusIndex()

.text._ZN9obj_group6deinitEv
                0x0000000008005ce4       0x1e
 .text._ZN9obj_group6deinitEv
                0x0000000008005ce4       0x1e build_Runner-game/obj_group.o
                0x0000000008005ce4                obj_group::deinit()

.text._ZN9obj_groupD2Ev
                0x0000000008005d04       0x2c
 .text._ZN9obj_groupD2Ev
                0x0000000008005d04       0x2c build_Runner-game/obj_group.o
                0x0000000008005d04                obj_group::~obj_group()
                0x0000000008005d04                obj_group::~obj_group()

.text._ZN9obj_groupD0Ev
                0x0000000008005d30       0x12
 .text._ZN9obj_groupD0Ev
                0x0000000008005d30       0x12 build_Runner-game/obj_group.o
                0x0000000008005d30                obj_group::~obj_group()

.text._ZN13obj_indicator6deinitEv
                0x0000000008005d42        0x4
 .text._ZN13obj_indicator6deinitEv
                0x0000000008005d42        0x4 build_Runner-game/obj_indicator.o
                0x0000000008005d42                obj_indicator::deinit()

.text._ZN13obj_indicatorD2Ev
                0x0000000008005d48       0x1c
 .text._ZN13obj_indicatorD2Ev
                0x0000000008005d48       0x1c build_Runner-game/obj_indicator.o
                0x0000000008005d48                obj_indicator::~obj_indicator()
                0x0000000008005d48                obj_indicator::~obj_indicator()

.text._ZN13obj_indicatorD0Ev
                0x0000000008005d64       0x12
 .text._ZN13obj_indicatorD0Ev
                0x0000000008005d64       0x12 build_Runner-game/obj_indicator.o
                0x0000000008005d64                obj_indicator::~obj_indicator()

.text._ZN13obj_indicator4drawEv
                0x0000000008005d78       0x4c
 .text._ZN13obj_indicator4drawEv
                0x0000000008005d78       0x4c build_Runner-game/obj_indicator.o
                0x0000000008005d78                obj_indicator::draw()

.text._ZN13obj_indicatorC2Ev
                0x0000000008005dc4       0x18
 .text._ZN13obj_indicatorC2Ev
                0x0000000008005dc4       0x18 build_Runner-game/obj_indicator.o
                0x0000000008005dc4                obj_indicator::obj_indicator()
                0x0000000008005dc4                obj_indicator::obj_indicator()

.text._ZN13obj_indicator9setTargetEP8oled_obj
                0x0000000008005ddc       0x6e
 .text._ZN13obj_indicator9setTargetEP8oled_obj
                0x0000000008005ddc       0x6e build_Runner-game/obj_indicator.o
                0x0000000008005ddc                obj_indicator::setTarget(oled_obj*)

.text._ZL11idctor_initP13obj_indicatorP8oled_objhb
                0x0000000008005e4a       0x82
 .text._ZL11idctor_initP13obj_indicatorP8oled_objhb
                0x0000000008005e4a       0x82 build_Runner-game/obj_indicator.o

.text._ZN13obj_indicator4initEP8oled_objhb
                0x0000000008005ecc        0xc
 .text._ZN13obj_indicator4initEP8oled_objhb
                0x0000000008005ecc        0xc build_Runner-game/obj_indicator.o
                0x0000000008005ecc                obj_indicator::init(oled_obj*, unsigned char, bool)

.text._ZN9obj_label4drawEv
                0x0000000008005ed8       0x2a
 .text._ZN9obj_label4drawEv
                0x0000000008005ed8       0x2a build_Runner-game/obj_label.o
                0x0000000008005ed8                obj_label::draw()

.text._ZN9obj_label6deinitEv
                0x0000000008005f02       0x2a
 .text._ZN9obj_label6deinitEv
                0x0000000008005f02       0x2a build_Runner-game/obj_label.o
                0x0000000008005f02                obj_label::deinit()

.text._ZN9obj_labelD2Ev
                0x0000000008005f2c       0x1c
 .text._ZN9obj_labelD2Ev
                0x0000000008005f2c       0x1c build_Runner-game/obj_label.o
                0x0000000008005f2c                obj_label::~obj_label()
                0x0000000008005f2c                obj_label::~obj_label()

.text._ZN9obj_labelD0Ev
                0x0000000008005f48       0x12
 .text._ZN9obj_labelD0Ev
                0x0000000008005f48       0x12 build_Runner-game/obj_label.o
                0x0000000008005f48                obj_label::~obj_label()

.text._ZN9obj_labelC2Ev
                0x0000000008005f5c       0x14
 .text._ZN9obj_labelC2Ev
                0x0000000008005f5c       0x14 build_Runner-game/obj_label.o
                0x0000000008005f5c                obj_label::obj_label()
                0x0000000008005f5c                obj_label::obj_label()

.text._ZN9obj_label4initEss
                0x0000000008005f70       0x54
 .text._ZN9obj_label4initEss
                0x0000000008005f70       0x54 build_Runner-game/obj_label.o
                0x0000000008005f70                obj_label::init(short, short)

.text._ZN9obj_label5printEPKc
                0x0000000008005fc4       0x20
 .text._ZN9obj_label5printEPKc
                0x0000000008005fc4       0x20 build_Runner-game/obj_label.o
                0x0000000008005fc4                obj_label::print(char const*)

.text._ZN9obj_label5printEm
                0x0000000008005fe4       0x54
 .text._ZN9obj_label5printEm
                0x0000000008005fe4       0x54 build_Runner-game/obj_label.o
                0x0000000008005fe4                obj_label::print(unsigned long)

.text._Z11scr_mng_runP3msg
                0x0000000008006038       0x38
 .text._Z11scr_mng_runP3msg
                0x0000000008006038       0x38 build_Runner-game/scr_manager.o
                0x0000000008006038                scr_mng_run(msg*)

.text._Z7scr_reghPhS_PFvP3msgES3_S3_
                0x0000000008006070       0x24
 .text._Z7scr_reghPhS_PFvP3msgES3_S3_
                0x0000000008006070       0x24 build_Runner-game/scr_manager.o
                0x0000000008006070                scr_reg(unsigned char, unsigned char*, unsigned char*, void (*)(msg*), void (*)(msg*), void (*)(msg*))

.text._Z16scr_curr_set_stth
                0x0000000008006094       0x18
 .text._Z16scr_curr_set_stth
                0x0000000008006094       0x18 build_Runner-game/scr_manager.o
                0x0000000008006094                scr_curr_set_stt(unsigned char)

.text._Z12scr_mng_initv
                0x00000000080060ac       0x34
 .text._Z12scr_mng_initv
                0x00000000080060ac       0x34 build_Runner-game/scr_manager.o
                0x00000000080060ac                scr_mng_init()

.text._Z9scr_shifth
                0x00000000080060e0       0x30
 .text._Z9scr_shifth
                0x00000000080060e0       0x30 build_Runner-game/scr_manager.o
                0x00000000080060e0                scr_shift(unsigned char)

.text._ZL12loop_funtionP3msg
                0x0000000008006110       0x3c
 .text._ZL12loop_funtionP3msg
                0x0000000008006110        0x2 build_Runner-game/scr_startup.o
 .text._ZL12loop_funtionP3msg
                0x0000000008006112        0x2 build_Runner-game/scr_menu_game.o
 .text._ZL12loop_funtionP3msg
                0x0000000008006114       0x34 build_Runner-game/scr_main_game.o
 .text._ZL12loop_funtionP3msg
                0x0000000008006148        0x2 build_Runner-game/scr_setting_game.o
 .text._ZL12loop_funtionP3msg
                0x000000000800614a        0x2 build_Runner-game/scr_chart_game.o

.text._Z20scr_startup_registerv
                0x000000000800614c       0x28
 .text._Z20scr_startup_registerv
                0x000000000800614c       0x28 build_Runner-game/scr_startup.o
                0x000000000800614c                scr_startup_register()

.text.startup._GLOBAL__sub_I_lb1
                0x0000000008006174       0xb0
 .text.startup._GLOBAL__sub_I_lb1
                0x0000000008006174       0xb0 build_Runner-game/scr_startup.o

.text._ZL14setup_functionP3msg
                0x0000000008006224      0x580
 .text._ZL14setup_functionP3msg
                0x0000000008006224       0xf4 build_Runner-game/scr_startup.o
 .text._ZL14setup_functionP3msg
                0x0000000008006318      0x138 build_Runner-game/scr_menu_game.o
 .text._ZL14setup_functionP3msg
                0x0000000008006450      0x13c build_Runner-game/scr_main_game.o
 .text._ZL14setup_functionP3msg
                0x000000000800658c      0x12c build_Runner-game/scr_setting_game.o
 .text._ZL14setup_functionP3msg
                0x00000000080066b8       0xec build_Runner-game/scr_chart_game.o

.text._ZL14event_functionP3msg
                0x00000000080067a4      0x5f0
 .text._ZL14event_functionP3msg
                0x00000000080067a4       0x84 build_Runner-game/scr_startup.o
 .text._ZL14event_functionP3msg
                0x0000000008006828       0xec build_Runner-game/scr_menu_game.o
 .text._ZL14event_functionP3msg
                0x0000000008006914      0x1dc build_Runner-game/scr_main_game.o
 .text._ZL14event_functionP3msg
                0x0000000008006af0      0x258 build_Runner-game/scr_setting_game.o
 .text._ZL14event_functionP3msg
                0x0000000008006d48       0x4c build_Runner-game/scr_chart_game.o

.text.exit._GLOBAL__sub_D_lb1
                0x0000000008006d94       0xb0
 .text.exit._GLOBAL__sub_D_lb1
                0x0000000008006d94       0xb0 build_Runner-game/scr_startup.o

.text._Z22scr_menu_game_registerv
                0x0000000008006e44       0x28
 .text._Z22scr_menu_game_registerv
                0x0000000008006e44       0x28 build_Runner-game/scr_menu_game.o
                0x0000000008006e44                scr_menu_game_register()

.text._ZL13updateColumns6turn_t
                0x0000000008006e6c       0x7c
 .text._ZL13updateColumns6turn_t
                0x0000000008006e6c       0x7c build_Runner-game/scr_main_game.o

.text._ZL9drawStarsv
                0x0000000008006ee8       0xbc
 .text._ZL9drawStarsv
                0x0000000008006ee8       0xbc build_Runner-game/scr_main_game.o

.text._ZN6column4drawEv
                0x0000000008006fa4       0xce
 .text._ZN6column4drawEv
                0x0000000008006fa4       0xce build_Runner-game/scr_main_game.o
                0x0000000008006fa4                column::draw()

.text._ZL11drawColumnsv
                0x0000000008007074       0xa0
 .text._ZL11drawColumnsv
                0x0000000008007074       0xa0 build_Runner-game/scr_main_game.o

.text._Z22scr_main_game_registerv
                0x0000000008007114       0x28
 .text._Z22scr_main_game_registerv
                0x0000000008007114       0x28 build_Runner-game/scr_main_game.o
                0x0000000008007114                scr_main_game_register()

.text.startup._GLOBAL__sub_I__ZN6columnC2Ev
                0x000000000800713c       0x34
 .text.startup._GLOBAL__sub_I__ZN6columnC2Ev
                0x000000000800713c       0x34 build_Runner-game/scr_main_game.o

.text.exit._GLOBAL__sub_D__ZN6columnC2Ev
                0x0000000008007170       0x34
 .text.exit._GLOBAL__sub_D__ZN6columnC2Ev
                0x0000000008007170       0x34 build_Runner-game/scr_main_game.o

.text._Z25scr_setting_game_registerv
                0x00000000080071a4       0x28
 .text._Z25scr_setting_game_registerv
                0x00000000080071a4       0x28 build_Runner-game/scr_setting_game.o
                0x00000000080071a4                scr_setting_game_register()

.text._Z23scr_chart_game_registerv
                0x00000000080071cc       0x28
 .text._Z23scr_chart_game_registerv
                0x00000000080071cc       0x28 build_Runner-game/scr_chart_game.o
                0x00000000080071cc                scr_chart_game_register()

.text._Z8task_guiPv
                0x00000000080071f4        0x8
 .text._Z8task_guiPv
                0x00000000080071f4        0x8 build_Runner-game/task_gui.o
                0x00000000080071f4                task_gui(void*)

.text._Z8task_scrPv
                0x00000000080071fc       0x1e
 .text._Z8task_scrPv
                0x00000000080071fc       0x1e build_Runner-game/task_scr.o
                0x00000000080071fc                task_scr(void*)

.text._Z17btn_mode_callbackPv
                0x000000000800721a       0x1e
 .text._Z17btn_mode_callbackPv
                0x000000000800721a       0x1e build_Runner-game/task_button.o
                0x000000000800721a                btn_mode_callback(void*)

.text._Z15btn_up_callbackPv
                0x0000000008007238        0xe
 .text._Z15btn_up_callbackPv
                0x0000000008007238        0xe build_Runner-game/task_button.o
                0x0000000008007238                btn_up_callback(void*)

.text._Z17btn_down_callbackPv
                0x0000000008007246        0xe
 .text._Z17btn_down_callbackPv
                0x0000000008007246        0xe build_Runner-game/task_button.o
                0x0000000008007246                btn_down_callback(void*)

.text.nRF24_Handler
                0x0000000008007254       0x38
 .text.nRF24_Handler
                0x0000000008007254       0x38 build_Runner-game/task_button.o
                0x0000000008007254                nRF24_Handler

.text._Z8task_btnPv
                0x000000000800728c       0x38
 .text._Z8task_btnPv
                0x000000000800728c       0x38 build_Runner-game/task_button.o
                0x000000000800728c                task_btn(void*)

.text._ZL10play_trackPK12Tone_TypeDef
                0x00000000080072c4       0x2e
 .text._ZL10play_trackPK12Tone_TypeDef
                0x00000000080072c4       0x2e build_Runner-game/task_buzzer.o

.text._Z11task_buzzerPv
                0x00000000080072f4       0x38
 .text._Z11task_buzzerPv
                0x00000000080072f4       0x38 build_Runner-game/task_buzzer.o
                0x00000000080072f4                task_buzzer(void*)

.text._Z10task_timerPv
                0x000000000800732c       0x22
 .text._Z10task_timerPv
                0x000000000800732c       0x22 build_Runner-game/task_timer.o
                0x000000000800732c                task_timer(void*)

.text.startup.main
                0x0000000008007350       0xac
 .text.startup.main
                0x0000000008007350       0xac build_Runner-game/main.o
                0x0000000008007350                main

.text.malloc    0x00000000080073fc       0x10
 .text.malloc   0x00000000080073fc       0x10 /home/giahuy/workspace/tools/gcc-arm-none-eabi-10.3-2021.10/arm-none-eabi/lib/thumb/v7-m/nofp/libc.a(lib_a-malloc.o)
                0x00000000080073fc                malloc

.text.free      0x000000000800740c       0x10
 .text.free     0x000000000800740c       0x10 /home/giahuy/workspace/tools/gcc-arm-none-eabi-10.3-2021.10/arm-none-eabi/lib/thumb/v7-m/nofp/libc.a(lib_a-malloc.o)
                0x000000000800740c                free

.text._malloc_r
                0x000000000800741c      0x558
 .text._malloc_r
                0x000000000800741c      0x558 /home/giahuy/workspace/tools/gcc-arm-none-eabi-10.3-2021.10/arm-none-eabi/lib/thumb/v7-m/nofp/libc.a(lib_a-mallocr.o)
                0x000000000800741c                _malloc_r

.text.memset    0x0000000008007974       0xa4
 .text.memset   0x0000000008007974       0xa4 /home/giahuy/workspace/tools/gcc-arm-none-eabi-10.3-2021.10/arm-none-eabi/lib/thumb/v7-m/nofp/libc.a(lib_a-memset.o)
                0x0000000008007974                memset

.text.__malloc_lock
                0x0000000008007a18        0xc
 .text.__malloc_lock
                0x0000000008007a18        0xc /home/giahuy/workspace/tools/gcc-arm-none-eabi-10.3-2021.10/arm-none-eabi/lib/thumb/v7-m/nofp/libc.a(lib_a-mlock.o)
                0x0000000008007a18                __malloc_lock

.text.__malloc_unlock
                0x0000000008007a24        0xc
 .text.__malloc_unlock
                0x0000000008007a24        0xc /home/giahuy/workspace/tools/gcc-arm-none-eabi-10.3-2021.10/arm-none-eabi/lib/thumb/v7-m/nofp/libc.a(lib_a-mlock.o)
                0x0000000008007a24                __malloc_unlock

.text.rand      0x0000000008007a30       0x38
 .text.rand     0x0000000008007a30       0x38 /home/giahuy/workspace/tools/gcc-arm-none-eabi-10.3-2021.10/arm-none-eabi/lib/thumb/v7-m/nofp/libc.a(lib_a-rand.o)
                0x0000000008007a30                rand

.text._sbrk_r   0x0000000008007a68       0x24
 .text._sbrk_r  0x0000000008007a68       0x24 /home/giahuy/workspace/tools/gcc-arm-none-eabi-10.3-2021.10/arm-none-eabi/lib/thumb/v7-m/nofp/libc.a(lib_a-sbrkr.o)
                0x0000000008007a68                _sbrk_r

.text.strcpy    0x0000000008007a8c       0xbc
 .text.strcpy   0x0000000008007a8c       0xbc /home/giahuy/workspace/tools/gcc-arm-none-eabi-10.3-2021.10/arm-none-eabi/lib/thumb/v7-m/nofp/libc.a(lib_a-strcpy.o)
                0x0000000008007a8c                strcpy

.text.strlen    0x0000000008007b48       0x5c
 .text.strlen   0x0000000008007b48       0x5c /home/giahuy/workspace/tools/gcc-arm-none-eabi-10.3-2021.10/arm-none-eabi/lib/thumb/v7-m/nofp/libc.a(lib_a-strlen-stub.o)