sources/application/screens/Scr/scr_main_game.cpp:263:13:void updateColumns(turn_t)	16	static
sources/application/screens/Scr/scr_main_game.cpp:185:13:void loop_funtion(msg_t*)	0	static
sources/application/screens/Scr/scr_main_game.cpp:317:13:void drawStars()	40	static
sources/application/screens/Scr/scr_main_game.cpp:158:13:void setup_function(msg_t*)	24	static
sources/application/screens/Scr/scr_main_game.cpp:78:10:void column::draw()	40	static
sources/application/screens/Scr/scr_main_game.cpp:294:13:void drawColumns()	24	static
sources/application/screens/Scr/scr_main_game.cpp:84:1:column::column()	8	static
sources/application/screens/Scr/scr_main_game.cpp:130:1:star::star()	8	static
sources/application/screens/Scr/scr_main_game.cpp:242:6:void scr_main_game_register()	16	static
sources/application/screens/Scr/scr_main_game.cpp:423:1:cpp)	16	static
sources/application/screens/Scr/scr_main_game.cpp:85:1:column::~column()	8	static
sources/application/screens/Scr/scr_main_game.cpp:131:1:star::~star()	8	static
sources/application/screens/Scr/scr_main_game.cpp:423:1:cpp)	16	static
sources/application/screens/Scr/scr_main_game.cpp:190:13:void event_function(msg_t*)	16	static
